Archive member included to satisfy reference by file (symbol)

C:/MaximSDK/Libraries/PeriphDrivers/bin/MAX32655/softfp/libPeriphDriver_softfp.a(mxc_delay.o)
                              c:/Local_Drive/Maxim_Workspace/LowPower_ADC_Wakeup/LP/build/tft_ssd2119.o (MXC_Delay)
C:/MaximSDK/Libraries/PeriphDrivers/bin/MAX32655/softfp/libPeriphDriver_softfp.a(sys_me17.o)
                              c:/Local_Drive/Maxim_Workspace/LowPower_ADC_Wakeup/LP/build/board.o (MXC_SYS_ClockEnable)
C:/MaximSDK/Libraries/PeriphDrivers/bin/MAX32655/softfp/libPeriphDriver_softfp.a(adc_me17.o)
                              c:/Local_Drive/Maxim_Workspace/LowPower_ADC_Wakeup/LP/build/main.o (MXC_ADC_Init)
C:/MaximSDK/Libraries/PeriphDrivers/bin/MAX32655/softfp/libPeriphDriver_softfp.a(adc_reva.o)
                              C:/MaximSDK/Libraries/PeriphDrivers/bin/MAX32655/softfp/libPeriphDriver_softfp.a(adc_me17.o) (MXC_ADC_RevA_Init)
C:/MaximSDK/Libraries/PeriphDrivers/bin/MAX32655/softfp/libPeriphDriver_softfp.a(dma_me17.o)
                              C:/MaximSDK/Libraries/PeriphDrivers/bin/MAX32655/softfp/libPeriphDriver_softfp.a(adc_reva.o) (MXC_DMA_Init)
C:/MaximSDK/Libraries/PeriphDrivers/bin/MAX32655/softfp/libPeriphDriver_softfp.a(dma_reva.o)
                              C:/MaximSDK/Libraries/PeriphDrivers/bin/MAX32655/softfp/libPeriphDriver_softfp.a(dma_me17.o) (MXC_DMA_RevA_Init)
C:/MaximSDK/Libraries/PeriphDrivers/bin/MAX32655/softfp/libPeriphDriver_softfp.a(lp_me17.o)
                              c:/Local_Drive/Maxim_Workspace/LowPower_ADC_Wakeup/LP/build/main.o (MXC_LP_EnterLowPowerMode)
C:/MaximSDK/Libraries/PeriphDrivers/bin/MAX32655/softfp/libPeriphDriver_softfp.a(flc_me17.o)
                              C:/MaximSDK/Libraries/PeriphDrivers/bin/MAX32655/softfp/libPeriphDriver_softfp.a(sys_me17.o) (MXC_FLC_UnlockInfoBlock)
C:/MaximSDK/Libraries/PeriphDrivers/bin/MAX32655/softfp/libPeriphDriver_softfp.a(flc_reva.o)
                              C:/MaximSDK/Libraries/PeriphDrivers/bin/MAX32655/softfp/libPeriphDriver_softfp.a(flc_me17.o) (MXC_FLC_RevA_Busy)
C:/MaximSDK/Libraries/PeriphDrivers/bin/MAX32655/softfp/libPeriphDriver_softfp.a(gpio_me17.o)
                              c:/Local_Drive/Maxim_Workspace/LowPower_ADC_Wakeup/LP/build/main.o (MXC_GPIO_Config)
C:/MaximSDK/Libraries/PeriphDrivers/bin/MAX32655/softfp/libPeriphDriver_softfp.a(gpio_reva.o)
                              C:/MaximSDK/Libraries/PeriphDrivers/bin/MAX32655/softfp/libPeriphDriver_softfp.a(gpio_me17.o) (MXC_GPIO_RevA_InGet)
C:/MaximSDK/Libraries/PeriphDrivers/bin/MAX32655/softfp/libPeriphDriver_softfp.a(icc_me17.o)
                              c:/Local_Drive/Maxim_Workspace/LowPower_ADC_Wakeup/LP/build/system_max32655.o (MXC_ICC_Enable)
C:/MaximSDK/Libraries/PeriphDrivers/bin/MAX32655/softfp/libPeriphDriver_softfp.a(icc_reva.o)
                              C:/MaximSDK/Libraries/PeriphDrivers/bin/MAX32655/softfp/libPeriphDriver_softfp.a(icc_me17.o) (MXC_ICC_RevA_ID)
C:/MaximSDK/Libraries/PeriphDrivers/bin/MAX32655/softfp/libPeriphDriver_softfp.a(simo_me17.o)
                              c:/Local_Drive/Maxim_Workspace/LowPower_ADC_Wakeup/LP/build/system_max32655.o (MXC_SIMO_SetVregO_A)
C:/MaximSDK/Libraries/PeriphDrivers/bin/MAX32655/softfp/libPeriphDriver_softfp.a(simo_reva.o)
                              C:/MaximSDK/Libraries/PeriphDrivers/bin/MAX32655/softfp/libPeriphDriver_softfp.a(simo_me17.o) (MXC_SIMO_RevA_SetVregO_A)
C:/MaximSDK/Libraries/PeriphDrivers/bin/MAX32655/softfp/libPeriphDriver_softfp.a(spi_me17.o)
                              c:/Local_Drive/Maxim_Workspace/LowPower_ADC_Wakeup/LP/build/board.o (MXC_SPI_Init)
C:/MaximSDK/Libraries/PeriphDrivers/bin/MAX32655/softfp/libPeriphDriver_softfp.a(spi_reva.o)
                              C:/MaximSDK/Libraries/PeriphDrivers/bin/MAX32655/softfp/libPeriphDriver_softfp.a(spi_me17.o) (MXC_SPI_RevA_Init)
C:/MaximSDK/Libraries/PeriphDrivers/bin/MAX32655/softfp/libPeriphDriver_softfp.a(tmr_me17.o)
                              c:/Local_Drive/Maxim_Workspace/LowPower_ADC_Wakeup/LP/build/main.o (MXC_TMR_Delay)
C:/MaximSDK/Libraries/PeriphDrivers/bin/MAX32655/softfp/libPeriphDriver_softfp.a(tmr_revb.o)
                              C:/MaximSDK/Libraries/PeriphDrivers/bin/MAX32655/softfp/libPeriphDriver_softfp.a(tmr_me17.o) (MXC_TMR_RevB_Init)
C:/MaximSDK/Libraries/PeriphDrivers/bin/MAX32655/softfp/libPeriphDriver_softfp.a(uart_me17.o)
                              c:/Local_Drive/Maxim_Workspace/LowPower_ADC_Wakeup/LP/build/board.o (MXC_UART_Shutdown)
C:/MaximSDK/Libraries/PeriphDrivers/bin/MAX32655/softfp/libPeriphDriver_softfp.a(uart_revb.o)
                              C:/MaximSDK/Libraries/PeriphDrivers/bin/MAX32655/softfp/libPeriphDriver_softfp.a(uart_me17.o) (MXC_UART_RevB_Init)
C:/MaximSDK/Libraries/PeriphDrivers/bin/MAX32655/softfp/libPeriphDriver_softfp.a(mxc_lock.o)
[...]
Memory Configuration

Name             Origin             Length             Attributes
ROM              0x00000000         0x00010000         xr
FLASH            0x10000000         0x00080000         xr
PAL_NVM_DB       0x10080000         0x00000000         r
RISCV_FLASH      0x10080000         0x00000000         xr
SRAM             0x20000000         0x00020000         xrw
MAILBOX_0        0x20020000         0x00000000         rw
MAILBOX_1        0x20020000         0x00000000         rw
RISCV_SRAM       0x20020000         0x00000000         xrw
*default*        0x00000000         0xffffffff

Linker script and memory map

LOAD c:/maximsdk/tools/gnutools/10.3/bin/../lib/gcc/arm-none-eabi/10.3.1/thumb/v7e-m+fp/softfp/crti.o
LOAD c:/maximsdk/tools/gnutools/10.3/bin/../lib/gcc/arm-none-eabi/10.3.1/thumb/v7e-m+fp/softfp/crtbegin.o
LOAD c:/maximsdk/tools/gnutools/10.3/bin/../lib/gcc/arm-none-eabi/10.3.1/../../../../arm-none-eabi/lib/thumb/v7e-m+fp/softfp/crt0.o
LOAD c:/Local_Drive/Maxim_Workspace/LowPower_ADC_Wakeup/LP/build/main.o
LOAD c:/Local_Drive/Maxim_Workspace/LowPower_ADC_Wakeup/LP/build/board.o
LOAD c:/Local_Drive/Maxim_Workspace/LowPower_ADC_Wakeup/LP/build/stdio.o
LOAD c:/Local_Drive/Maxim_Workspace/LowPower_ADC_Wakeup/LP/build/led.o
LOAD c:/Local_Drive/Maxim_Workspace/LowPower_ADC_Wakeup/LP/build/pb.o
LOAD c:/Local_Drive/Maxim_Workspace/LowPower_ADC_Wakeup/LP/build/tft_ssd2119.o
LOAD c:/Local_Drive/Maxim_Workspace/LowPower_ADC_Wakeup/LP/build/tsc2046.o
LOAD c:/Local_Drive/Maxim_Workspace/LowPower_ADC_Wakeup/LP/build/w25.o
LOAD c:/Local_Drive/Maxim_Workspace/LowPower_ADC_Wakeup/LP/build/startup_max32655.o
LOAD c:/Local_Drive/Maxim_Workspace/LowPower_ADC_Wakeup/LP/build/heap.o
LOAD c:/Local_Drive/Maxim_Workspace/LowPower_ADC_Wakeup/LP/build/system_max32655.o
START GROUP
LOAD C:/MaximSDK/Libraries/PeriphDrivers/bin/MAX32655/softfp/libPeriphDriver_softfp.a
LOAD c:/maximsdk/tools/gnutools/10.3/bin/../lib/gcc/arm-none-eabi/10.3.1/../../../../arm-none-eabi/lib/thumb/v7e-m+fp/softfp\libc.a
LOAD c:/maximsdk/tools/gnutools/10.3/bin/../lib/gcc/arm-none-eabi/10.3.1/../../../../arm-none-eabi/lib/thumb/v7e-m+fp/softfp\libm.a
LOAD c:/maximsdk/tools/gnutools/10.3/bin/../lib/gcc/arm-none-eabi/10.3.1/../../../../arm-none-eabi/lib/thumb/v7e-m+fp/softfp\libnosys.a
END GROUP
START GROUP
LOAD c:/maximsdk/tools/gnutools/10.3/bin/../lib/gcc/arm-none-eabi/10.3.1/thumb/v7e-m+fp/softfp\libgcc.a
LOAD c:/maximsdk/tools/gnutools/10.3/bin/../lib/gcc/arm-none-eabi/10.3.1/../../../../arm-none-eabi/lib/thumb/v7e-m+fp/softfp\libc.a
END GROUP
LOAD c:/maximsdk/tools/gnutools/10.3/bin/../lib/gcc/arm-none-eabi/10.3.1/thumb/v7e-m+fp/softfp/crtend.o
LOAD c:/maximsdk/tools/gnutools/10.3/bin/../lib/gcc/arm-none-eabi/10.3.1/thumb/v7e-m+fp/softfp/crtn.o
                0x00080000                FLASH_MEM_SIZE = (_ARM_FLASH_SIZE - _PAL_NVM_SIZE)
                0x10080000                PAL_NVM_ORIGIN = ((_ARM_FLASH_SIZE - _PAL_NVM_SIZE) + _ARM_FLASH_ORIGIN)
                0x10080000                RISCV_FLASH_ORIGIN = (PAL_NVM_ORIGIN + _PAL_NVM_SIZE)
                0x00000000                RISCV_FLASH_SIZE = (_FLASH_SIZE - _ARM_FLASH_SIZE)
                0x20020000                MAILBOX_ORIGIN = (_ARM_SRAM_ORIGIN + _ARM_SRAM_SIZE)
                0x20020000                RISCV_SRAM_ORIGIN = (MAILBOX_ORIGIN + (0x2 * _MAILBOX_SIZE))
                0x00000000                RISCV_SRAM_SIZE = ((_SRAM_SIZE - _ARM_SRAM_SIZE) - (0x2 * _MAILBOX_SIZE))

.rom
 *(.rom_vector)
 *(.rom_handlers*)

.text           0x10000000     0xada4
                0x10000000                _text = .
 *(.isr_vector)
 .isr_vector    0x10000000      0x1d0 c:/Local_Drive/Maxim_Workspace/LowPower_ADC_Wakeup/LP/build/startup_max32655.o
                0x10000000                __isr_vector
 EXCLUDE_FILE(*riscv.o) *(.text*)
 .text          0x100001d0       0x40 c:/maximsdk/tools/gnutools/10.3/bin/../lib/gcc/arm-none-eabi/10.3.1/thumb/v7e-m+fp/softfp/crtbegin.o
 .text.buttonHandler
                0x10000210       0x30 c:/Local_Drive/Maxim_Workspace/LowPower_ADC_Wakeup/LP/build/main.o
                0x10000210                buttonHandler
 .text.setTrigger
                0x10000240       0x3c c:/Local_Drive/Maxim_Workspace/LowPower_ADC_Wakeup/LP/build/main.o
                0x10000240                setTrigger
 *fill*         0x1000027c        0x4 
 .text.startup.main
                0x10000280      0x224 c:/Local_Drive/Maxim_Workspace/LowPower_ADC_Wakeup/LP/build/main.o
                0x10000280                main
 .text.ext_flash_clock
                0x100004a4       0x78 c:/Local_Drive/Maxim_Workspace/LowPower_ADC_Wakeup/LP/build/board.o
 .text.ext_flash_board_init_quad
                0x1000051c       0x44 c:/Local_Drive/Maxim_Workspace/LowPower_ADC_Wakeup/LP/build/board.o
 .text.ext_flash_board_write
                0x10000560       0x74 c:/Local_Drive/Maxim_Workspace/LowPower_ADC_Wakeup/LP/build/board.o
 .text.ext_flash_board_read
                0x100005d4       0x74 c:/Local_Drive/Maxim_Workspace/LowPower_ADC_Wakeup/LP/build/board.o
 .text.ext_flash_board_init
                0x10000648       0x68 c:/Local_Drive/Maxim_Workspace/LowPower_ADC_Wakeup/LP/build/board.o
 .text.mxc_assert
                0x100006b0       0x10 c:/Local_Drive/Maxim_Workspace/LowPower_ADC_Wakeup/LP/build/board.o
                0x100006b0                mxc_assert
 .text.Console_Init
                0x100006c0       0x14 c:/Local_Drive/Maxim_Workspace/LowPower_ADC_Wakeup/LP/build/board.o
                0x100006c0                Console_Init
 .text.Board_Init
                0x100006d4       0xcc c:/Local_Drive/Maxim_Workspace/LowPower_ADC_Wakeup/LP/build/board.o
                0x100006d4                Board_Init
 .text.NMI_Handler
                0x100007a0       0x10 c:/Local_Drive/Maxim_Workspace/LowPower_ADC_Wakeup/LP/build/board.o
                0x100007a0                NMI_Handler
 .text.HardFault_Handler
                0x100007b0       0x10 c:/Local_Drive/Maxim_Workspace/LowPower_ADC_Wakeup/LP/build/board.o
                0x100007b0                HardFault_Handler
 .text._close   0x100007c0        0x6 c:/Local_Drive/Maxim_Workspace/LowPower_ADC_Wakeup/LP/build/stdio.o
                0x100007c0                _close
 .text._isatty  0x100007c6        0x6 c:/Local_Drive/Maxim_Workspace/LowPower_ADC_Wakeup/LP/build/stdio.o
                0x100007c6                _isatty
 .text._lseek   0x100007cc        0x6 c:/Local_Drive/Maxim_Workspace/LowPower_ADC_Wakeup/LP/build/stdio.o
                0x100007cc                _lseek
 .text._fstat   0x100007d2        0x6 c:/Local_Drive/Maxim_Workspace/LowPower_ADC_Wakeup/LP/build/stdio.o
                0x100007d2                _fstat
 .text._read    0x100007d8       0x54 c:/Local_Drive/Maxim_Workspace/LowPower_ADC_Wakeup/LP/build/stdio.o
                0x100007d8                _read
 .text._write   0x1000082c       0x50 c:/Local_Drive/Maxim_Workspace/LowPower_ADC_Wakeup/LP/build/stdio.o
                0x1000082c                _write
 .text.LED_Off  0x1000087c       0x3c c:/Local_Drive/Maxim_Workspace/LowPower_ADC_Wakeup/LP/build/led.o
                0x1000087c                LED_Off
 .text.LED_Init
                0x100008b8       0x38 c:/Local_Drive/Maxim_Workspace/LowPower_ADC_Wakeup/LP/build/led.o
                0x100008b8                LED_Init
 .text.PB_Init  0x100008f0       0x30 c:/Local_Drive/Maxim_Workspace/LowPower_ADC_Wakeup/LP/build/pb.o
                0x100008f0                PB_Init
 .text.GPIO0_IRQHandler
                0x10000920        0x6 c:/Local_Drive/Maxim_Workspace/LowPower_ADC_Wakeup/LP/build/pb.o
                0x10000920                GPIO0_IRQHandler
 .text.GPIO1_IRQHandler
                0x10000926        0x6 c:/Local_Drive/Maxim_Workspace/LowPower_ADC_Wakeup/LP/build/pb.o
                0x10000926                GPIO1_IRQHandler
 .text.MXC_TFT_PreInit
                0x1000092c       0x68 c:/Local_Drive/Maxim_Workspace/LowPower_ADC_Wakeup/LP/build/tft_ssd2119.o
                0x1000092c                MXC_TFT_PreInit
 .text.MXC_TS_PreInit
                0x10000994       0x64 c:/Local_Drive/Maxim_Workspace/LowPower_ADC_Wakeup/LP/build/tsc2046.o
                0x10000994                MXC_TS_PreInit
 .text.Ext_Flash_Configure
                0x100009f8       0x24 c:/Local_Drive/Maxim_Workspace/LowPower_ADC_Wakeup/LP/build/w25.o
                0x100009f8                Ext_Flash_Configure
 .text          0x10000a1c      0x140 c:/Local_Drive/Maxim_Workspace/LowPower_ADC_Wakeup/LP/build/startup_max32655.o
                0x10000a1c                Reset_Handler
                0x10000a5c                MemManage_Handler
                0x10000a5e                BusFault_Handler
                0x10000a60                UsageFault_Handler
                0x10000a62                SVC_Handler
                0x10000a64                DebugMon_Handler
                0x10000a66                PendSV_Handler
                0x10000a68                SysTick_Handler
                0x10000a6a                Default_Handler
                0x10000a6c                PF_IRQHandler
                0x10000a6e                WDT0_IRQHandler
                0x10000a70                RSV02_IRQHandler
                0x10000a72                RTC_IRQHandler
                0x10000a74                TRNG_IRQHandler
                0x10000a76                TMR0_IRQHandler
                0x10000a78                TMR1_IRQHandler
                0x10000a7a                TMR2_IRQHandler
                0x10000a7c                TMR3_IRQHandler
                0x10000a7e                TMR4_IRQHandler
                0x10000a80                TMR5_IRQHandler
                0x10000a82                RSV11_IRQHandler
                0x10000a84                RSV12_IRQHandler
                0x10000a86                I2C0_IRQHandler
                0x10000a88                UART0_IRQHandler
                0x10000a8a                UART1_IRQHandler
                0x10000a8c                SPI1_IRQHandler
                0x10000a8e                RSV17_IRQHandler
                0x10000a90                RSV18_IRQHandler
                0x10000a92                RSV19_IRQHandler
                0x10000a94                ADC_IRQHandler
                0x10000a96                RSV21_IRQHandler
                0x10000a98                RSV22_IRQHandler
                0x10000a9a                FLC0_IRQHandler
                0x10000aa0                GPIO2_IRQHandler
                0x10000aa2                RSV27_IRQHandler
                0x10000aa4                DMA0_IRQHandler
                0x10000aa6                DMA1_IRQHandler
                0x10000aa8                DMA2_IRQHandler
                0x10000aaa                DMA3_IRQHandler
                0x10000aac                RSV32_IRQHandler
                0x10000aae                RSV33_IRQHandler
                0x10000ab0                UART2_IRQHandler
                0x10000ab2                RSV35_IRQHandler
                0x10000ab4                I2C1_IRQHandler
                0x10000ab6                RSV37_IRQHandler
                0x10000ab8                RSV38_IRQHandler
                0x10000aba                BTLE_TX_DONE_IRQHandler
                0x10000abc                BTLE_RX_RCVD_IRQHandler
                0x10000abe                BTLE_RX_ENG_DET_IRQHandler
                0x10000ac0                BTLE_SFD_DET_IRQHandler
                0x10000ac2                BTLE_SFD_TO_IRQHandler
                0x10000ac4                BTLE_GP_EVENT_IRQHandler
                0x10000ac6                BTLE_CFO_IRQHandler
                0x10000ac8                BTLE_SIG_DET_IRQHandler
                0x10000aca                BTLE_AGC_EVENT_IRQHandler
                0x10000acc                BTLE_RFFE_SPIM_IRQHandler
                0x10000ace                BTLE_TX_AES_IRQHandler
                0x10000ad0                BTLE_RX_AES_IRQHandler
                0x10000ad2                BTLE_INV_APB_ADDR_IRQHandler
                0x10000ad4                BTLE_IQ_DATA_VALID_IRQHandler
                0x10000ad6                WUT_IRQHandler
                0x10000ad8                GPIOWAKE_IRQHandler
                0x10000ada                RSV55_IRQHandler
                0x10000adc                SPI0_IRQHandler
                0x10000ade                WDT1_IRQHandler
                0x10000ae0                RSV57_IRQHandler
                0x10000ae2                PT_IRQHandler
                0x10000ae4                RSV60_IRQHandler
                0x10000ae6                RSV61_IRQHandler
                0x10000ae8                I2C2_IRQHandler
                0x10000aea                RISCV_IRQHandler
                0x10000aec                RSV64_IRQHandler
                0x10000aee                RSV65_IRQHandler
                0x10000af0                RSV66_IRQHandler
                0x10000af2                OWM_IRQHandler
                0x10000af4                RSV68_IRQHandler
                0x10000af6                RSV69_IRQHandler
                0x10000af8                RSV70_IRQHandler
                0x10000afa                RSV71_IRQHandler
                0x10000afc                RSV72_IRQHandler
                0x10000afe                RSV73_IRQHandler
                0x10000b00                RSV74_IRQHandler
                0x10000b02                RSV75_IRQHandler
                0x10000b04                RSV76_IRQHandler
                0x10000b06                RSV77_IRQHandler
                0x10000b08                RSV78_IRQHandler
                0x10000b0a                RSV79_IRQHandler
                0x10000b0c                RSV80_IRQHandler
                0x10000b0e                RSV81_IRQHandler
                0x10000b10                ECC_IRQHandler
                0x10000b12                DVS_IRQHandler
                0x10000b14                SIMO_IRQHandler
                0x10000b16                RSV85_IRQHandler
                0x10000b18                RSV86_IRQHandler
                0x10000b1a                RSV87_IRQHandler
                0x10000b1c                UART3_IRQHandler
                0x10000b1e                RSV89_IRQHandler
                0x10000b20                RSV90_IRQHandler
                0x10000b22                RSV91_IRQHandler
                0x10000b24                RSV92_IRQHandler
                0x10000b26                RSV93_IRQHandler
                0x10000b28                RSV94_IRQHandler
                0x10000b2a                RSV95_IRQHandler
                0x10000b2c                RSV96_IRQHandler
                0x10000b2e                AES_IRQHandler
                0x10000b30                CRC_IRQHandler
                0x10000b32                I2S_IRQHandler
 .text._sbrk    0x10000b5c       0x38 c:/Local_Drive/Maxim_Workspace/LowPower_ADC_Wakeup/LP/build/heap.o
                0x10000b5c                _sbrk
 .text.SystemCoreClockUpdate
                0x10000b94       0x78 c:/Local_Drive/Maxim_Workspace/LowPower_ADC_Wakeup/LP/build/system_max32655.o
                0x10000b94                SystemCoreClockUpdate
 .text.PreInit  0x10000c0c       0x3c c:/Local_Drive/Maxim_Workspace/LowPower_ADC_Wakeup/LP/build/system_max32655.o
                0x10000c0c                PreInit
 .text.PalSysInit
                0x10000c48        0x2 c:/Local_Drive/Maxim_Workspace/LowPower_ADC_Wakeup/LP/build/system_max32655.o
                0x10000c48                PalSysInit
 *fill*         0x10000c4a        0x2 
 .text.SystemInit
                0x10000c4c       0x7c c:/Local_Drive/Maxim_Workspace/LowPower_ADC_Wakeup/LP/build/system_max32655.o
                0x10000c4c                SystemInit
 .text.MXC_DelayInit
                0x10000cc8       0x7c C:/MaximSDK/Libraries/PeriphDrivers/bin/MAX32655/softfp/libPeriphDriver_softfp.a(mxc_delay.o)
 .text.MXC_DelayAsync
                0x10000d44       0x3c C:/MaximSDK/Libraries/PeriphDrivers/bin/MAX32655/softfp/libPeriphDriver_softfp.a(mxc_delay.o)
                0x10000d44                MXC_DelayAsync
 .text.MXC_DelayAbort
                0x10000d80       0x34 C:/MaximSDK/Libraries/PeriphDrivers/bin/MAX32655/softfp/libPeriphDriver_softfp.a(mxc_delay.o)
                0x10000d80                MXC_DelayAbort
 .text.MXC_DelayCheck
                0x10000db4       0x58 C:/MaximSDK/Libraries/PeriphDrivers/bin/MAX32655/softfp/libPeriphDriver_softfp.a(mxc_delay.o)
                0x10000db4                MXC_DelayCheck
 .text.MXC_SYS_ClockDisable
                0x10000e0c       0x44 C:/MaximSDK/Libraries/PeriphDrivers/bin/MAX32655/softfp/libPeriphDriver_softfp.a(sys_me17.o)
                0x10000e0c                MXC_SYS_ClockDisable
 .text.MXC_SYS_ClockEnable
                0x10000e50       0x4c C:/MaximSDK/Libraries/PeriphDrivers/bin/MAX32655/softfp/libPeriphDriver_softfp.a(sys_me17.o)
                0x10000e50                MXC_SYS_ClockEnable
 .text.MXC_SYS_Clock_Timeout
                0x10000e9c       0x2e C:/MaximSDK/Libraries/PeriphDrivers/bin/MAX32655/softfp/libPeriphDriver_softfp.a(sys_me17.o)
                0x10000e9c                MXC_SYS_Clock_Timeout
 *fill*         0x10000eca        0x2 
 .text.MXC_SYS_ClockSourceEnable
                0x10000ecc       0x80 C:/MaximSDK/Libraries/PeriphDrivers/bin/MAX32655/softfp/libPeriphDriver_softfp.a(sys_me17.o)
                0x10000ecc                MXC_SYS_ClockSourceEnable
 .text.MXC_SYS_Clock_Select
                0x10000f4c      0x13c C:/MaximSDK/Libraries/PeriphDrivers/bin/MAX32655/softfp/libPeriphDriver_softfp.a(sys_me17.o)
                0x10000f4c                MXC_SYS_Clock_Select
 .text.MXC_SYS_SetClockDiv
                0x10001088       0x22 C:/MaximSDK/Libraries/PeriphDrivers/bin/MAX32655/softfp/libPeriphDriver_softfp.a(sys_me17.o)
                0x10001088                MXC_SYS_SetClockDiv
 *fill*         0x100010aa        0x2 
 .text.MXC_SYS_Reset_Periph
                0x100010ac       0x4c C:/MaximSDK/Libraries/PeriphDrivers/bin/MAX32655/softfp/libPeriphDriver_softfp.a(sys_me17.o)
                0x100010ac                MXC_SYS_Reset_Periph
 .text.initGPIOForChannel
                0x100010f8       0x54 C:/MaximSDK/Libraries/PeriphDrivers/bin/MAX32655/softfp/libPeriphDriver_softfp.a(adc_me17.o)
 .text.MXC_ADC_Init
                0x1000114c       0x1c C:/MaximSDK/Libraries/PeriphDrivers/bin/MAX32655/softfp/libPeriphDriver_softfp.a(adc_me17.o)
                0x1000114c                MXC_ADC_Init
 .text.MXC_ADC_GetConversionSpeed
                0x10001168        0xe C:/MaximSDK/Libraries/PeriphDrivers/bin/MAX32655/softfp/libPeriphDriver_softfp.a(adc_me17.o)
                0x10001168                MXC_ADC_GetConversionSpeed
 *fill*         0x10001176        0x2 
 .text.MXC_ADC_SetConversionSpeed
                0x10001178       0x80 C:/MaximSDK/Libraries/PeriphDrivers/bin/MAX32655/softfp/libPeriphDriver_softfp.a(adc_me17.o)
                0x10001178                MXC_ADC_SetConversionSpeed
 .text.MXC_ADC_EnableMonitor
                0x100011f8        0xc C:/MaximSDK/Libraries/PeriphDrivers/bin/MAX32655/softfp/libPeriphDriver_softfp.a(adc_me17.o)
                0x100011f8                MXC_ADC_EnableMonitor
 .text.MXC_ADC_SetMonitorHighThreshold
                0x10001204       0x10 C:/MaximSDK/Libraries/PeriphDrivers/bin/MAX32655/softfp/libPeriphDriver_softfp.a(adc_me17.o)
                0x10001204                MXC_ADC_SetMonitorHighThreshold
 .text.MXC_ADC_SetMonitorLowThreshold
                0x10001214       0x10 C:/MaximSDK/Libraries/PeriphDrivers/bin/MAX32655/softfp/libPeriphDriver_softfp.a(adc_me17.o)
                0x10001214                MXC_ADC_SetMonitorLowThreshold
 .text.MXC_ADC_SetMonitorChannel
                0x10001224       0x20 C:/MaximSDK/Libraries/PeriphDrivers/bin/MAX32655/softfp/libPeriphDriver_softfp.a(adc_me17.o)
                0x10001224                MXC_ADC_SetMonitorChannel
 .text.MXC_ADC_StartConversion
                0x10001244       0x1c C:/MaximSDK/Libraries/PeriphDrivers/bin/MAX32655/softfp/libPeriphDriver_softfp.a(adc_me17.o)
                0x10001244                MXC_ADC_StartConversion
 .text.MXC_ADC_GetData
                0x10001260        0xc C:/MaximSDK/Libraries/PeriphDrivers/bin/MAX32655/softfp/libPeriphDriver_softfp.a(adc_me17.o)
                0x10001260                MXC_ADC_GetData
 .text.MXC_ADC_RevA_Init
                0x1000126c       0x5c C:/MaximSDK/Libraries/PeriphDrivers/bin/MAX32655/softfp/libPeriphDriver_softfp.a(adc_reva.o)
                0x1000126c                MXC_ADC_RevA_Init
 .text.MXC_ADC_RevA_SetConversionSpeed
                0x100012c8        0xc C:/MaximSDK/Libraries/PeriphDrivers/bin/MAX32655/softfp/libPeriphDriver_softfp.a(adc_reva.o)
                0x100012c8                MXC_ADC_RevA_SetConversionSpeed
 .text.MXC_ADC_RevA_GetConversionSpeed
                0x100012d4       0x14 C:/MaximSDK/Libraries/PeriphDrivers/bin/MAX32655/softfp/libPeriphDriver_softfp.a(adc_reva.o)
                0x100012d4                MXC_ADC_RevA_GetConversionSpeed
 .text.MXC_ADC_RevA_EnableMonitor
                0x100012e8       0x2c C:/MaximSDK/Libraries/PeriphDrivers/bin/MAX32655/softfp/libPeriphDriver_softfp.a(adc_reva.o)
                0x100012e8                MXC_ADC_RevA_EnableMonitor
 .text.MXC_ADC_RevA_SetMonitorHighThreshold
                0x10001314       0x44 C:/MaximSDK/Libraries/PeriphDrivers/bin/MAX32655/softfp/libPeriphDriver_softfp.a(adc_reva.o)
                0x10001314                MXC_ADC_RevA_SetMonitorHighThreshold
 .text.MXC_ADC_RevA_SetMonitorLowThreshold
                0x10001358       0x3c C:/MaximSDK/Libraries/PeriphDrivers/bin/MAX32655/softfp/libPeriphDriver_softfp.a(adc_reva.o)
                0x10001358                MXC_ADC_RevA_SetMonitorLowThreshold
 .text.MXC_ADC_RevA_SetMonitorChannel
                0x10001394       0x3c C:/MaximSDK/Libraries/PeriphDrivers/bin/MAX32655/softfp/libPeriphDriver_softfp.a(adc_reva.o)
                0x10001394                MXC_ADC_RevA_SetMonitorChannel
 .text.MXC_ADC_RevA_StartConversion
                0x100013d0       0x46 C:/MaximSDK/Libraries/PeriphDrivers/bin/MAX32655/softfp/libPeriphDriver_softfp.a(adc_reva.o)
                0x100013d0                MXC_ADC_RevA_StartConversion
 .text.MXC_ADC_RevA_GetData
                0x10001416       0x2e C:/MaximSDK/Libraries/PeriphDrivers/bin/MAX32655/softfp/libPeriphDriver_softfp.a(adc_reva.o)
                0x10001416                MXC_ADC_RevA_GetData
 .text.MXC_LP_ClearWakeStatus
                0x10001444       0x18 C:/MaximSDK/Libraries/PeriphDrivers/bin/MAX32655/softfp/libPeriphDriver_softfp.a(lp_me17.o)
                0x10001444                MXC_LP_ClearWakeStatus
 .text.MXC_LP_EnterLowPowerMode
                0x1000145c       0x34 C:/MaximSDK/Libraries/PeriphDrivers/bin/MAX32655/softfp/libPeriphDriver_softfp.a(lp_me17.o)
                0x1000145c                MXC_LP_EnterLowPowerMode
 .text.MXC_LP_EnableGPIOWakeup
                0x10001490       0x6c C:/MaximSDK/Libraries/PeriphDrivers/bin/MAX32655/softfp/libPeriphDriver_softfp.a(lp_me17.o)
                0x10001490                MXC_LP_EnableGPIOWakeup
 .text.MXC_GPIO_Init
                0x100014fc       0x22 C:/MaximSDK/Libraries/PeriphDrivers/bin/MAX32655/softfp/libPeriphDriver_softfp.a(gpio_me17.o)
                0x100014fc                MXC_GPIO_Init
 *fill*         0x1000151e        0x2 
 .text.MXC_GPIO_Config
                0x10001520      0x178 C:/MaximSDK/Libraries/PeriphDrivers/bin/MAX32655/softfp/libPeriphDriver_softfp.a(gpio_me17.o)
                0x10001520                MXC_GPIO_Config
 .text.MXC_GPIO_InGet
                0x10001698       0x50 C:/MaximSDK/Libraries/PeriphDrivers/bin/MAX32655/softfp/libPeriphDriver_softfp.a(gpio_me17.o)
                0x10001698                MXC_GPIO_InGet
 .text.MXC_GPIO_OutSet
                0x100016e8       0x34 C:/MaximSDK/Libraries/PeriphDrivers/bin/MAX32655/softfp/libPeriphDriver_softfp.a(gpio_me17.o)
                0x100016e8                MXC_GPIO_OutSet
 .text.MXC_GPIO_OutClr
                0x1000171c       0x34 C:/MaximSDK/Libraries/PeriphDrivers/bin/MAX32655/softfp/libPeriphDriver_softfp.a(gpio_me17.o)
                0x1000171c                MXC_GPIO_OutClr
 .text.MXC_GPIO_IntConfig
                0x10001750        0x4 C:/MaximSDK/Libraries/PeriphDrivers/bin/MAX32655/softfp/libPeriphDriver_softfp.a(gpio_me17.o)
                0x10001750                MXC_GPIO_IntConfig
 .text.MXC_GPIO_EnableInt
                0x10001754        0x4 C:/MaximSDK/Libraries/PeriphDrivers/bin/MAX32655/softfp/libPeriphDriver_softfp.a(gpio_me17.o)
                0x10001754                MXC_GPIO_EnableInt
 .text.MXC_GPIO_RegisterCallback
                0x10001758        0x4 C:/MaximSDK/Libraries/PeriphDrivers/bin/MAX32655/softfp/libPeriphDriver_softfp.a(gpio_me17.o)
                0x10001758                MXC_GPIO_RegisterCallback
 .text.MXC_GPIO_Handler
                0x1000175c        0x4 C:/MaximSDK/Libraries/PeriphDrivers/bin/MAX32655/softfp/libPeriphDriver_softfp.a(gpio_me17.o)
                0x1000175c                MXC_GPIO_Handler
 .text.MXC_GPIO_ClearFlags
                0x10001760        0x4 C:/MaximSDK/Libraries/PeriphDrivers/bin/MAX32655/softfp/libPeriphDriver_softfp.a(gpio_me17.o)
                0x10001760                MXC_GPIO_ClearFlags
 .text.MXC_GPIO_GetFlags
                0x10001764        0x4 C:/MaximSDK/Libraries/PeriphDrivers/bin/MAX32655/softfp/libPeriphDriver_softfp.a(gpio_me17.o)
                0x10001764                MXC_GPIO_GetFlags
 .text.MXC_GPIO_RevA_InGet
                0x10001768        0x6 C:/MaximSDK/Libraries/PeriphDrivers/bin/MAX32655/softfp/libPeriphDriver_softfp.a(gpio_reva.o)
                0x10001768                MXC_GPIO_RevA_InGet
 .text.MXC_GPIO_RevA_OutSet
                0x1000176e        0x4 C:/MaximSDK/Libraries/PeriphDrivers/bin/MAX32655/softfp/libPeriphDriver_softfp.a(gpio_reva.o)
                0x1000176e                MXC_GPIO_RevA_OutSet
 .text.MXC_GPIO_RevA_OutClr
                0x10001772        0x4 C:/MaximSDK/Libraries/PeriphDrivers/bin/MAX32655/softfp/libPeriphDriver_softfp.a(gpio_reva.o)
                0x10001772                MXC_GPIO_RevA_OutClr
 .text.MXC_GPIO_RevA_IntConfig
                0x10001776       0x64 C:/MaximSDK/Libraries/PeriphDrivers/bin/MAX32655/softfp/libPeriphDriver_softfp.a(gpio_reva.o)
                0x10001776                MXC_GPIO_RevA_IntConfig
 .text.MXC_GPIO_RevA_EnableInt
                0x100017da        0x4 C:/MaximSDK/Libraries/PeriphDrivers/bin/MAX32655/softfp/libPeriphDriver_softfp.a(gpio_reva.o)
                0x100017da                MXC_GPIO_RevA_EnableInt
 .text.MXC_GPIO_RevA_ClearFlags
                0x100017de        0x4 C:/MaximSDK/Libraries/PeriphDrivers/bin/MAX32655/softfp/libPeriphDriver_softfp.a(gpio_reva.o)
                0x100017de                MXC_GPIO_RevA_ClearFlags
 .text.MXC_GPIO_RevA_GetFlags
                0x100017e2        0x4 C:/MaximSDK/Libraries/PeriphDrivers/bin/MAX32655/softfp/libPeriphDriver_softfp.a(gpio_reva.o)
                0x100017e2                MXC_GPIO_RevA_GetFlags
 .text.MXC_GPIO_RevA_SetVSSEL
                0x100017e6       0x24 C:/MaximSDK/Libraries/PeriphDrivers/bin/MAX32655/softfp/libPeriphDriver_softfp.a(gpio_reva.o)
                0x100017e6                MXC_GPIO_RevA_SetVSSEL
 .text.MXC_GPIO_RevA_SetAF
                0x1000180a       0x44 C:/MaximSDK/Libraries/PeriphDrivers/bin/MAX32655/softfp/libPeriphDriver_softfp.a(gpio_reva.o)
                0x1000180a                MXC_GPIO_RevA_SetAF
 .text.MXC_ICC_Enable
                0x1000184e        0x4 C:/MaximSDK/Libraries/PeriphDrivers/bin/MAX32655/softfp/libPeriphDriver_softfp.a(icc_me17.o)
                0x1000184e                MXC_ICC_Enable
 .text.MXC_ICC_RevA_Enable
                0x10001852       0x30 C:/MaximSDK/Libraries/PeriphDrivers/bin/MAX32655/softfp/libPeriphDriver_softfp.a(icc_reva.o)
                0x10001852                MXC_ICC_RevA_Enable
 *fill*         0x10001882        0x2 
 .text.MXC_SIMO_SetVregO_A
                0x10001884        0xc C:/MaximSDK/Libraries/PeriphDrivers/bin/MAX32655/softfp/libPeriphDriver_softfp.a(simo_me17.o)
                0x10001884                MXC_SIMO_SetVregO_A
 .text.MXC_SIMO_SetVregO_B
                0x10001890        0xc C:/MaximSDK/Libraries/PeriphDrivers/bin/MAX32655/softfp/libPeriphDriver_softfp.a(simo_me17.o)
                0x10001890                MXC_SIMO_SetVregO_B
 .text.MXC_SIMO_SetVregO_C
                0x1000189c        0xc C:/MaximSDK/Libraries/PeriphDrivers/bin/MAX32655/softfp/libPeriphDriver_softfp.a(simo_me17.o)
                0x1000189c                MXC_SIMO_SetVregO_C
 .text.MXC_SIMO_GetOutReadyA
                0x100018a8        0xc C:/MaximSDK/Libraries/PeriphDrivers/bin/MAX32655/softfp/libPeriphDriver_softfp.a(simo_me17.o)
                0x100018a8                MXC_SIMO_GetOutReadyA
 .text.MXC_SIMO_GetOutReadyB
                0x100018b4        0xc C:/MaximSDK/Libraries/PeriphDrivers/bin/MAX32655/softfp/libPeriphDriver_softfp.a(simo_me17.o)
                0x100018b4                MXC_SIMO_GetOutReadyB
 .text.MXC_SIMO_GetOutReadyC
                0x100018c0        0xc C:/MaximSDK/Libraries/PeriphDrivers/bin/MAX32655/softfp/libPeriphDriver_softfp.a(simo_me17.o)
                0x100018c0                MXC_SIMO_GetOutReadyC
 .text.MXC_SIMO_RevA_SetVregO_A
                0x100018cc       0x2a C:/MaximSDK/Libraries/PeriphDrivers/bin/MAX32655/softfp/libPeriphDriver_softfp.a(simo_reva.o)
                0x100018cc                MXC_SIMO_RevA_SetVregO_A
 .text.MXC_SIMO_RevA_SetVregO_B
                0x100018f6       0x2a C:/MaximSDK/Libraries/PeriphDrivers/bin/MAX32655/softfp/libPeriphDriver_softfp.a(simo_reva.o)
                0x100018f6                MXC_SIMO_RevA_SetVregO_B
 .text.MXC_SIMO_RevA_SetVregO_C
                0x10001920       0x2a C:/MaximSDK/Libraries/PeriphDrivers/bin/MAX32655/softfp/libPeriphDriver_softfp.a(simo_reva.o)
                0x10001920                MXC_SIMO_RevA_SetVregO_C
 .text.MXC_SIMO_RevA_GetOutReadyA
                0x1000194a       0x10 C:/MaximSDK/Libraries/PeriphDrivers/bin/MAX32655/softfp/libPeriphDriver_softfp.a(simo_reva.o)
                0x1000194a                MXC_SIMO_RevA_GetOutReadyA
 .text.MXC_SIMO_RevA_GetOutReadyB
                0x1000195a       0x10 C:/MaximSDK/Libraries/PeriphDrivers/bin/MAX32655/softfp/libPeriphDriver_softfp.a(simo_reva.o)
                0x1000195a                MXC_SIMO_RevA_GetOutReadyB
 .text.MXC_SIMO_RevA_GetOutReadyC
                0x1000196a       0x10 C:/MaximSDK/Libraries/PeriphDrivers/bin/MAX32655/softfp/libPeriphDriver_softfp.a(simo_reva.o)
                0x1000196a                MXC_SIMO_RevA_GetOutReadyC
 *fill*         0x1000197a        0x2 
 .text.MXC_SPI_Init
                0x1000197c      0x1ec C:/MaximSDK/Libraries/PeriphDrivers/bin/MAX32655/softfp/libPeriphDriver_softfp.a(spi_me17.o)
                0x1000197c                MXC_SPI_Init
 .text.MXC_SPI_GetPeripheralClock
                0x10001b68       0x7c C:/MaximSDK/Libraries/PeriphDrivers/bin/MAX32655/softfp/libPeriphDriver_softfp.a(spi_me17.o)
                0x10001b68                MXC_SPI_GetPeripheralClock
 .text.MXC_SPI_SetFrequency
                0x10001be4        0x4 C:/MaximSDK/Libraries/PeriphDrivers/bin/MAX32655/softfp/libPeriphDriver_softfp.a(spi_me17.o)
                0x10001be4                MXC_SPI_SetFrequency
 .text.MXC_SPI_SetDataSize
                0x10001be8        0x4 C:/MaximSDK/Libraries/PeriphDrivers/bin/MAX32655/softfp/libPeriphDriver_softfp.a(spi_me17.o)
                0x10001be8                MXC_SPI_SetDataSize
 .text.MXC_SPI_GetDataSize
                0x10001bec        0x4 C:/MaximSDK/Libraries/PeriphDrivers/bin/MAX32655/softfp/libPeriphDriver_softfp.a(spi_me17.o)
                0x10001bec                MXC_SPI_GetDataSize
 .text.MXC_SPI_SetSlave
                0x10001bf0        0x4 C:/MaximSDK/Libraries/PeriphDrivers/bin/MAX32655/softfp/libPeriphDriver_softfp.a(spi_me17.o)
                0x10001bf0                MXC_SPI_SetSlave
 .text.MXC_SPI_SetWidth
                0x10001bf4        0x4 C:/MaximSDK/Libraries/PeriphDrivers/bin/MAX32655/softfp/libPeriphDriver_softfp.a(spi_me17.o)
                0x10001bf4                MXC_SPI_SetWidth
 .text.MXC_SPI_GetWidth
                0x10001bf8        0x4 C:/MaximSDK/Libraries/PeriphDrivers/bin/MAX32655/softfp/libPeriphDriver_softfp.a(spi_me17.o)
                0x10001bf8                MXC_SPI_GetWidth
 .text.MXC_SPI_SetMode
                0x10001bfc        0x4 C:/MaximSDK/Libraries/PeriphDrivers/bin/MAX32655/softfp/libPeriphDriver_softfp.a(spi_me17.o)
                0x10001bfc                MXC_SPI_SetMode
 .text.MXC_SPI_StartTransmission
                0x10001c00        0x4 C:/MaximSDK/Libraries/PeriphDrivers/bin/MAX32655/softfp/libPeriphDriver_softfp.a(spi_me17.o)
                0x10001c00                MXC_SPI_StartTransmission
 .text.MXC_SPI_GetActive
                0x10001c04        0x4 C:/MaximSDK/Libraries/PeriphDrivers/bin/MAX32655/softfp/libPeriphDriver_softfp.a(spi_me17.o)
                0x10001c04                MXC_SPI_GetActive
 .text.MXC_SPI_ReadRXFIFO
                0x10001c08        0x4 C:/MaximSDK/Libraries/PeriphDrivers/bin/MAX32655/softfp/libPeriphDriver_softfp.a(spi_me17.o)
                0x10001c08                MXC_SPI_ReadRXFIFO
 .text.MXC_SPI_GetRXFIFOAvailable
                0x10001c0c        0x4 C:/MaximSDK/Libraries/PeriphDrivers/bin/MAX32655/softfp/libPeriphDriver_softfp.a(spi_me17.o)
                0x10001c0c                MXC_SPI_GetRXFIFOAvailable
 .text.MXC_SPI_WriteTXFIFO
                0x10001c10        0x4 C:/MaximSDK/Libraries/PeriphDrivers/bin/MAX32655/softfp/libPeriphDriver_softfp.a(spi_me17.o)
                0x10001c10                MXC_SPI_WriteTXFIFO
 .text.MXC_SPI_GetTXFIFOAvailable
                0x10001c14        0x4 C:/MaximSDK/Libraries/PeriphDrivers/bin/MAX32655/softfp/libPeriphDriver_softfp.a(spi_me17.o)
                0x10001c14                MXC_SPI_GetTXFIFOAvailable
 .text.MXC_SPI_SetRXThreshold
                0x10001c18        0x4 C:/MaximSDK/Libraries/PeriphDrivers/bin/MAX32655/softfp/libPeriphDriver_softfp.a(spi_me17.o)
                0x10001c18                MXC_SPI_SetRXThreshold
 .text.MXC_SPI_SetTXThreshold
                0x10001c1c        0x4 C:/MaximSDK/Libraries/PeriphDrivers/bin/MAX32655/softfp/libPeriphDriver_softfp.a(spi_me17.o)
                0x10001c1c                MXC_SPI_SetTXThreshold
 .text.MXC_SPI_MasterTransaction
                0x10001c20        0x4 C:/MaximSDK/Libraries/PeriphDrivers/bin/MAX32655/softfp/libPeriphDriver_softfp.a(spi_me17.o)
                0x10001c20                MXC_SPI_MasterTransaction
 .text.MXC_SPI_RevA_TransSetup
                0x10001c24      0x17c C:/MaximSDK/Libraries/PeriphDrivers/bin/MAX32655/softfp/libPeriphDriver_softfp.a(spi_reva.o)
 .text.MXC_SPI_RevA_TransHandler
                0x10001da0      0x140 C:/MaximSDK/Libraries/PeriphDrivers/bin/MAX32655/softfp/libPeriphDriver_softfp.a(spi_reva.o)
 .text.MXC_SPI_RevA_MasterTransHandler
                0x10001ee0       0x68 C:/MaximSDK/Libraries/PeriphDrivers/bin/MAX32655/softfp/libPeriphDriver_softfp.a(spi_reva.o)
 .text.MXC_SPI_RevA_Init
                0x10001f48       0xe8 C:/MaximSDK/Libraries/PeriphDrivers/bin/MAX32655/softfp/libPeriphDriver_softfp.a(spi_reva.o)
                0x10001f48                MXC_SPI_RevA_Init
 .text.MXC_SPI_RevA_SetFrequency
                0x10002030       0x70 C:/MaximSDK/Libraries/PeriphDrivers/bin/MAX32655/softfp/libPeriphDriver_softfp.a(spi_reva.o)
                0x10002030                MXC_SPI_RevA_SetFrequency
 .text.MXC_SPI_RevA_SetDataSize
                0x100020a0       0x98 C:/MaximSDK/Libraries/PeriphDrivers/bin/MAX32655/softfp/libPeriphDriver_softfp.a(spi_reva.o)
                0x100020a0                MXC_SPI_RevA_SetDataSize
 .text.MXC_SPI_RevA_GetDataSize
                0x10002138       0x3c C:/MaximSDK/Libraries/PeriphDrivers/bin/MAX32655/softfp/libPeriphDriver_softfp.a(spi_reva.o)
                0x10002138                MXC_SPI_RevA_GetDataSize
 .text.MXC_SPI_RevA_SetSlave
                0x10002174       0x60 C:/MaximSDK/Libraries/PeriphDrivers/bin/MAX32655/softfp/libPeriphDriver_softfp.a(spi_reva.o)
                0x10002174                MXC_SPI_RevA_SetSlave
 .text.MXC_SPI_RevA_SetWidth
                0x100021d4       0x60 C:/MaximSDK/Libraries/PeriphDrivers/bin/MAX32655/softfp/libPeriphDriver_softfp.a(spi_reva.o)
                0x100021d4                MXC_SPI_RevA_SetWidth
 .text.MXC_SPI_RevA_GetWidth
                0x10002234       0x22 C:/MaximSDK/Libraries/PeriphDrivers/bin/MAX32655/softfp/libPeriphDriver_softfp.a(spi_reva.o)
                0x10002234                MXC_SPI_RevA_GetWidth
 *fill*         0x10002256        0x2 
 .text.MXC_SPI_RevA_SetMode
                0x10002258       0x6c C:/MaximSDK/Libraries/PeriphDrivers/bin/MAX32655/softfp/libPeriphDriver_softfp.a(spi_reva.o)
                0x10002258                MXC_SPI_RevA_SetMode
 .text.MXC_SPI_RevA_StartTransmission
                0x100022c4       0x40 C:/MaximSDK/Libraries/PeriphDrivers/bin/MAX32655/softfp/libPeriphDriver_softfp.a(spi_reva.o)
                0x100022c4                MXC_SPI_RevA_StartTransmission
 .text.MXC_SPI_RevA_GetActive
                0x10002304       0x10 C:/MaximSDK/Libraries/PeriphDrivers/bin/MAX32655/softfp/libPeriphDriver_softfp.a(spi_reva.o)
                0x10002304                MXC_SPI_RevA_GetActive
 .text.MXC_SPI_RevA_ReadRXFIFO
                0x10002314       0x90 C:/MaximSDK/Libraries/PeriphDrivers/bin/MAX32655/softfp/libPeriphDriver_softfp.a(spi_reva.o)
                0x10002314                MXC_SPI_RevA_ReadRXFIFO
 .text.MXC_SPI_RevA_GetRXFIFOAvailable
                0x100023a4        0x8 C:/MaximSDK/Libraries/PeriphDrivers/bin/MAX32655/softfp/libPeriphDriver_softfp.a(spi_reva.o)
                0x100023a4                MXC_SPI_RevA_GetRXFIFOAvailable
 .text.MXC_SPI_RevA_WriteTXFIFO
                0x100023ac       0x84 C:/MaximSDK/Libraries/PeriphDrivers/bin/MAX32655/softfp/libPeriphDriver_softfp.a(spi_reva.o)
                0x100023ac                MXC_SPI_RevA_WriteTXFIFO
 .text.MXC_SPI_RevA_GetTXFIFOAvailable
                0x10002430       0x38 C:/MaximSDK/Libraries/PeriphDrivers/bin/MAX32655/softfp/libPeriphDriver_softfp.a(spi_reva.o)
                0x10002430                MXC_SPI_RevA_GetTXFIFOAvailable
 .text.MXC_SPI_RevA_SetRXThreshold
                0x10002468       0x4c C:/MaximSDK/Libraries/PeriphDrivers/bin/MAX32655/softfp/libPeriphDriver_softfp.a(spi_reva.o)
                0x10002468                MXC_SPI_RevA_SetRXThreshold
 .text.MXC_SPI_RevA_SetTXThreshold
                0x100024b4       0x48 C:/MaximSDK/Libraries/PeriphDrivers/bin/MAX32655/softfp/libPeriphDriver_softfp.a(spi_reva.o)
                0x100024b4                MXC_SPI_RevA_SetTXThreshold
 .text.MXC_SPI_RevA_MasterTransaction
                0x100024fc       0x2c C:/MaximSDK/Libraries/PeriphDrivers/bin/MAX32655/softfp/libPeriphDriver_softfp.a(spi_reva.o)
                0x100024fc                MXC_SPI_RevA_MasterTransaction
 .text.MXC_TMR_Init
                0x10002528      0x1b4 C:/MaximSDK/Libraries/PeriphDrivers/bin/MAX32655/softfp/libPeriphDriver_softfp.a(tmr_me17.o)
                0x10002528                MXC_TMR_Init
 .text.MXC_TMR_Start
                0x100026dc        0x4 C:/MaximSDK/Libraries/PeriphDrivers/bin/MAX32655/softfp/libPeriphDriver_softfp.a(tmr_me17.o)
                0x100026dc                MXC_TMR_Start
 .text.MXC_TMR_Stop
                0x100026e0        0x4 C:/MaximSDK/Libraries/PeriphDrivers/bin/MAX32655/softfp/libPeriphDriver_softfp.a(tmr_me17.o)
                0x100026e0                MXC_TMR_Stop
 .text.MXC_TMR_ClearFlags
                0x100026e4        0x4 C:/MaximSDK/Libraries/PeriphDrivers/bin/MAX32655/softfp/libPeriphDriver_softfp.a(tmr_me17.o)
                0x100026e4                MXC_TMR_ClearFlags
 .text.MXC_TMR_GetFlags
                0x100026e8        0x4 C:/MaximSDK/Libraries/PeriphDrivers/bin/MAX32655/softfp/libPeriphDriver_softfp.a(tmr_me17.o)
                0x100026e8                MXC_TMR_GetFlags
 .text.MXC_TMR_Delay
                0x100026ec        0x4 C:/MaximSDK/Libraries/PeriphDrivers/bin/MAX32655/softfp/libPeriphDriver_softfp.a(tmr_me17.o)
                0x100026ec                MXC_TMR_Delay
 .text.MXC_TMR_TO_Start
                0x100026f0        0x4 C:/MaximSDK/Libraries/PeriphDrivers/bin/MAX32655/softfp/libPeriphDriver_softfp.a(tmr_me17.o)
                0x100026f0                MXC_TMR_TO_Start
 .text.MXC_TMR_TO_Check
                0x100026f4        0x4 C:/MaximSDK/Libraries/PeriphDrivers/bin/MAX32655/softfp/libPeriphDriver_softfp.a(tmr_me17.o)
                0x100026f4                MXC_TMR_TO_Check
 .text.MXC_TMR_RevB_ConfigGeneric
                0x100026f8       0xcc C:/MaximSDK/Libraries/PeriphDrivers/bin/MAX32655/softfp/libPeriphDriver_softfp.a(tmr_revb.o)
                0x100026f8                MXC_TMR_RevB_ConfigGeneric
 .text.MXC_TMR_RevB_Init
                0x100027c4       0xc0 C:/MaximSDK/Libraries/PeriphDrivers/bin/MAX32655/softfp/libPeriphDriver_softfp.a(tmr_revb.o)
                0x100027c4                MXC_TMR_RevB_Init
 .text.MXC_TMR_RevB_Start
                0x10002884       0x5c C:/MaximSDK/Libraries/PeriphDrivers/bin/MAX32655/softfp/libPeriphDriver_softfp.a(tmr_revb.o)
                0x10002884                MXC_TMR_RevB_Start
 .text.MXC_TMR_RevB_Stop
                0x100028e0       0x58 C:/MaximSDK/Libraries/PeriphDrivers/bin/MAX32655/softfp/libPeriphDriver_softfp.a(tmr_revb.o)
                0x100028e0                MXC_TMR_RevB_Stop
 .text.MXC_TMR_RevB_ClearFlags
                0x10002938       0x58 C:/MaximSDK/Libraries/PeriphDrivers/bin/MAX32655/softfp/libPeriphDriver_softfp.a(tmr_revb.o)
                0x10002938                MXC_TMR_RevB_ClearFlags
 .text.MXC_TMR_RevB_GetFlags
                0x10002990       0x58 C:/MaximSDK/Libraries/PeriphDrivers/bin/MAX32655/softfp/libPeriphDriver_softfp.a(tmr_revb.o)
                0x10002990                MXC_TMR_RevB_GetFlags
 .text.MXC_TMR_RevB_TO_Start
                0x100029e8       0xc4 C:/MaximSDK/Libraries/PeriphDrivers/bin/MAX32655/softfp/libPeriphDriver_softfp.a(tmr_revb.o)
                0x100029e8                MXC_TMR_RevB_TO_Start
 .text.MXC_UART_Shutdown
                0x10002aac       0x60 C:/MaximSDK/Libraries/PeriphDrivers/bin/MAX32655/softfp/libPeriphDriver_softfp.a(uart_me17.o)
                0x10002aac                MXC_UART_Shutdown
 .text.MXC_UART_Init
                0x10002b0c       0x98 C:/MaximSDK/Libraries/PeriphDrivers/bin/MAX32655/softfp/libPeriphDriver_softfp.a(uart_me17.o)
                0x10002b0c                MXC_UART_Init
 .text.MXC_UART_ReadyForSleep
                0x10002ba4        0x4 C:/MaximSDK/Libraries/PeriphDrivers/bin/MAX32655/softfp/libPeriphDriver_softfp.a(uart_me17.o)
                0x10002ba4                MXC_UART_ReadyForSleep
 .text.MXC_UART_GetFrequency
                0x10002ba8       0x9c C:/MaximSDK/Libraries/PeriphDrivers/bin/MAX32655/softfp/libPeriphDriver_softfp.a(uart_me17.o)
                0x10002ba8                MXC_UART_GetFrequency
 .text.MXC_UART_SetFrequency
                0x10002c44      0x12c C:/MaximSDK/Libraries/PeriphDrivers/bin/MAX32655/softfp/libPeriphDriver_softfp.a(uart_me17.o)
                0x10002c44                MXC_UART_SetFrequency
 .text.MXC_UART_SetDataSize
                0x10002d70        0x4 C:/MaximSDK/Libraries/PeriphDrivers/bin/MAX32655/softfp/libPeriphDriver_softfp.a(uart_me17.o)
                0x10002d70                MXC_UART_SetDataSize
 .text.MXC_UART_SetStopBits
                0x10002d74        0x4 C:/MaximSDK/Libraries/PeriphDrivers/bin/MAX32655/softfp/libPeriphDriver_softfp.a(uart_me17.o)
                0x10002d74                MXC_UART_SetStopBits
 .text.MXC_UART_SetParity
                0x10002d78        0x4 C:/MaximSDK/Libraries/PeriphDrivers/bin/MAX32655/softfp/libPeriphDriver_softfp.a(uart_me17.o)
                0x10002d78                MXC_UART_SetParity
 .text.MXC_UART_GetActive
                0x10002d7c        0x4 C:/MaximSDK/Libraries/PeriphDrivers/bin/MAX32655/softfp/libPeriphDriver_softfp.a(uart_me17.o)
                0x10002d7c                MXC_UART_GetActive
 .text.MXC_UART_ReadCharacterRaw
                0x10002d80        0x4 C:/MaximSDK/Libraries/PeriphDrivers/bin/MAX32655/softfp/libPeriphDriver_softfp.a(uart_me17.o)
                0x10002d80                MXC_UART_ReadCharacterRaw
 .text.MXC_UART_WriteCharacterRaw
                0x10002d84        0x4 C:/MaximSDK/Libraries/PeriphDrivers/bin/MAX32655/softfp/libPeriphDriver_softfp.a(uart_me17.o)
                0x10002d84                MXC_UART_WriteCharacterRaw
 .text.MXC_UART_ReadCharacter
                0x10002d88        0x4 C:/MaximSDK/Libraries/PeriphDrivers/bin/MAX32655/softfp/libPeriphDriver_softfp.a(uart_me17.o)
                0x10002d88                MXC_UART_ReadCharacter
 .text.MXC_UART_WriteCharacter
                0x10002d8c        0x4 C:/MaximSDK/Libraries/PeriphDrivers/bin/MAX32655/softfp/libPeriphDriver_softfp.a(uart_me17.o)
                0x10002d8c                MXC_UART_WriteCharacter
 .text.MXC_UART_GetRXFIFOAvailable
                0x10002d90        0x4 C:/MaximSDK/Libraries/PeriphDrivers/bin/MAX32655/softfp/libPeriphDriver_softfp.a(uart_me17.o)
                0x10002d90                MXC_UART_GetRXFIFOAvailable
 .text.MXC_UART_GetTXFIFOAvailable
                0x10002d94        0x4 C:/MaximSDK/Libraries/PeriphDrivers/bin/MAX32655/softfp/libPeriphDriver_softfp.a(uart_me17.o)
                0x10002d94                MXC_UART_GetTXFIFOAvailable
 .text.MXC_UART_SetRXThreshold
                0x10002d98        0x4 C:/MaximSDK/Libraries/PeriphDrivers/bin/MAX32655/softfp/libPeriphDriver_softfp.a(uart_me17.o)
                0x10002d98                MXC_UART_SetRXThreshold
 .text.MXC_UART_RevB_Init
                0x10002d9c       0x68 C:/MaximSDK/Libraries/PeriphDrivers/bin/MAX32655/softfp/libPeriphDriver_softfp.a(uart_revb.o)
                0x10002d9c                MXC_UART_RevB_Init
 .text.MXC_UART_RevB_ReadyForSleep
                0x10002e04       0x58 C:/MaximSDK/Libraries/PeriphDrivers/bin/MAX32655/softfp/libPeriphDriver_softfp.a(uart_revb.o)
                0x10002e04                MXC_UART_RevB_ReadyForSleep
 .text.MXC_UART_RevB_SetDataSize
                0x10002e5c       0x40 C:/MaximSDK/Libraries/PeriphDrivers/bin/MAX32655/softfp/libPeriphDriver_softfp.a(uart_revb.o)
                0x10002e5c                MXC_UART_RevB_SetDataSize
 .text.MXC_UART_RevB_SetStopBits
                0x10002e9c       0x44 C:/MaximSDK/Libraries/PeriphDrivers/bin/MAX32655/softfp/libPeriphDriver_softfp.a(uart_revb.o)
                0x10002e9c                MXC_UART_RevB_SetStopBits
 .text.MXC_UART_RevB_SetParity
                0x10002ee0       0x94 C:/MaximSDK/Libraries/PeriphDrivers/bin/MAX32655/softfp/libPeriphDriver_softfp.a(uart_revb.o)
                0x10002ee0                MXC_UART_RevB_SetParity
 .text.MXC_UART_RevB_GetActive
                0x10002f74       0x38 C:/MaximSDK/Libraries/PeriphDrivers/bin/MAX32655/softfp/libPeriphDriver_softfp.a(uart_revb.o)
                0x10002f74                MXC_UART_RevB_GetActive
 .text.MXC_UART_RevB_ReadCharacterRaw
                0x10002fac       0x38 C:/MaximSDK/Libraries/PeriphDrivers/bin/MAX32655/softfp/libPeriphDriver_softfp.a(uart_revb.o)
                0x10002fac                MXC_UART_RevB_ReadCharacterRaw
 .text.MXC_UART_RevB_WriteCharacterRaw
                0x10002fe4       0x3c C:/MaximSDK/Libraries/PeriphDrivers/bin/MAX32655/softfp/libPeriphDriver_softfp.a(uart_revb.o)
                0x10002fe4                MXC_UART_RevB_WriteCharacterRaw
 .text.MXC_UART_RevB_GetRXFIFOAvailable
                0x10003020        0x8 C:/MaximSDK/Libraries/PeriphDrivers/bin/MAX32655/softfp/libPeriphDriver_softfp.a(uart_revb.o)
                0x10003020                MXC_UART_RevB_GetRXFIFOAvailable
 .text.MXC_UART_RevB_GetTXFIFOAvailable
                0x10003028        0xc C:/MaximSDK/Libraries/PeriphDrivers/bin/MAX32655/softfp/libPeriphDriver_softfp.a(uart_revb.o)
                0x10003028                MXC_UART_RevB_GetTXFIFOAvailable
 .text.MXC_UART_RevB_SetRXThreshold
                0x10003034       0x3c C:/MaximSDK/Libraries/PeriphDrivers/bin/MAX32655/softfp/libPeriphDriver_softfp.a(uart_revb.o)
                0x10003034                MXC_UART_RevB_SetRXThreshold
 .text.MXC_FreeLock
                0x10003070        0xa C:/MaximSDK/Libraries/PeriphDrivers/bin/MAX32655/softfp/libPeriphDriver_softfp.a(mxc_lock.o)
                0x10003070                MXC_FreeLock
 *fill*         0x1000307a        0x2 
 .text.MXC_GPIO_Common_Init
                0x1000307c       0x24 C:/MaximSDK/Libraries/PeriphDrivers/bin/MAX32655/softfp/libPeriphDriver_softfp.a(gpio_common.o)
                0x1000307c                MXC_GPIO_Common_Init
 .text.MXC_GPIO_Common_RegisterCallback
                0x100030a0       0x74 C:/MaximSDK/Libraries/PeriphDrivers/bin/MAX32655/softfp/libPeriphDriver_softfp.a(gpio_common.o)
                0x100030a0                MXC_GPIO_Common_RegisterCallback
 .text.MXC_GPIO_Common_Handler
                0x10003114       0x84 C:/MaximSDK/Libraries/PeriphDrivers/bin/MAX32655/softfp/libPeriphDriver_softfp.a(gpio_common.o)
                0x10003114                MXC_GPIO_Common_Handler
 .text.MXC_TMR_Common_Delay
                0x10003198       0x16 C:/MaximSDK/Libraries/PeriphDrivers/bin/MAX32655/softfp/libPeriphDriver_softfp.a(tmr_common.o)
                0x10003198                MXC_TMR_Common_Delay
 .text.MXC_TMR_Common_TO_Check
                0x100031ae       0x12 C:/MaximSDK/Libraries/PeriphDrivers/bin/MAX32655/softfp/libPeriphDriver_softfp.a(tmr_common.o)
                0x100031ae                MXC_TMR_Common_TO_Check
 .text.MXC_UART_Common_ReadCharacter
                0x100031c0       0x18 C:/MaximSDK/Libraries/PeriphDrivers/bin/MAX32655/softfp/libPeriphDriver_softfp.a(uart_common.o)
                0x100031c0                MXC_UART_Common_ReadCharacter
 .text.MXC_UART_Common_WriteCharacter
                0x100031d8       0x1e C:/MaximSDK/Libraries/PeriphDrivers/bin/MAX32655/softfp/libPeriphDriver_softfp.a(uart_common.o)
                0x100031d8                MXC_UART_Common_WriteCharacter
 *fill*         0x100031f6        0x2 
 .text.__errno  0x100031f8        0xc c:/maximsdk/tools/gnutools/10.3/bin/../lib/gcc/arm-none-eabi/10.3.1/../../../../arm-none-eabi/lib/thumb/v7e-m+fp/softfp\libc.a(lib_a-errno.o)
                0x100031f8                __errno
 .text.__libc_init_array
                0x10003204       0x48 c:/maximsdk/tools/gnutools/10.3/bin/../lib/gcc/arm-none-eabi/10.3.1/../../../../arm-none-eabi/lib/thumb/v7e-m+fp/softfp\libc.a(lib_a-init.o)
                0x10003204                __libc_init_array
 .text          0x1000324c      0x134 c:/maximsdk/tools/gnutools/10.3/bin/../lib/gcc/arm-none-eabi/10.3.1/../../../../arm-none-eabi/lib/thumb/v7e-m+fp/softfp\libc.a(lib_a-memcpy.o)
                0x1000324c                memcpy
 .text.memset   0x10003380       0xa4 c:/maximsdk/tools/gnutools/10.3/bin/../lib/gcc/arm-none-eabi/10.3.1/../../../../arm-none-eabi/lib/thumb/v7e-m+fp/softfp\libc.a(lib_a-memset.o)
                0x10003380                memset
 .text.printf   0x10003424       0x28 c:/maximsdk/tools/gnutools/10.3/bin/../lib/gcc/arm-none-eabi/10.3.1/../../../../arm-none-eabi/lib/thumb/v7e-m+fp/softfp\libc.a(lib_a-printf.o)
                0x10003424                printf
 .text._puts_r  0x1000344c       0x9c c:/maximsdk/tools/gnutools/10.3/bin/../lib/gcc/arm-none-eabi/10.3.1/../../../../arm-none-eabi/lib/thumb/v7e-m+fp/softfp\libc.a(lib_a-puts.o)
                0x1000344c                _puts_r
 .text.puts     0x100034e8       0x10 c:/maximsdk/tools/gnutools/10.3/bin/../lib/gcc/arm-none-eabi/10.3.1/../../../../arm-none-eabi/lib/thumb/v7e-m+fp/softfp\libc.a(lib_a-puts.o)
                0x100034e8                puts
 *fill*         0x100034f8        0x8 
 .text          0x10003500       0xdc c:/maximsdk/tools/gnutools/10.3/bin/../lib/gcc/arm-none-eabi/10.3.1/../../../../arm-none-eabi/lib/thumb/v7e-m+fp/softfp\libc.a(lib_a-strlen.o)
                0x10003500                strlen
 *fill*         0x100035dc        0x4 
 .text._vfprintf_r
                0x100035e0     0x1b8c c:/maximsdk/tools/gnutools/10.3/bin/../lib/gcc/arm-none-eabi/10.3.1/../../../../arm-none-eabi/lib/thumb/v7e-m+fp/softfp\libc.a(lib_a-vfprintf.o)
                0x100035e0                _vfprintf_r
 .text.__sbprintf
                0x1000516c       0x80 c:/maximsdk/tools/gnutools/10.3/bin/../lib/gcc/arm-none-eabi/10.3.1/../../../../arm-none-eabi/lib/thumb/v7e-m+fp/softfp\libc.a(lib_a-vfprintf.o)
 .text.__swsetup_r
                0x100051ec       0xd4 c:/maximsdk/tools/gnutools/10.3/bin/../lib/gcc/arm-none-eabi/10.3.1/../../../../arm-none-eabi/lib/thumb/v7e-m+fp/softfp\libc.a(lib_a-wsetup.o)
                0x100051ec                __swsetup_r
 .text.startup.register_fini
                0x100052c0       0x14 c:/maximsdk/tools/gnutools/10.3/bin/../lib/gcc/arm-none-eabi/10.3.1/../../../../arm-none-eabi/lib/thumb/v7e-m+fp/softfp\libc.a(lib_a-__call_atexit.o)
 .text.atexit   0x100052d4        0xc c:/maximsdk/tools/gnutools/10.3/bin/../lib/gcc/arm-none-eabi/10.3.1/../../../../arm-none-eabi/lib/thumb/v7e-m+fp/softfp\libc.a(lib_a-atexit.o)
                0x100052d4                atexit
 .text.quorem   0x100052e0      0x128 c:/maximsdk/tools/gnutools/10.3/bin/../lib/gcc/arm-none-eabi/10.3.1/../../../../arm-none-eabi/lib/thumb/v7e-m+fp/softfp\libc.a(lib_a-dtoa.o)
 .text._dtoa_r  0x10005408      0xf34 c:/maximsdk/tools/gnutools/10.3/bin/../lib/gcc/arm-none-eabi/10.3.1/../../../../arm-none-eabi/lib/thumb/v7e-m+fp/softfp\libc.a(lib_a-dtoa.o)
                0x10005408                _dtoa_r
 .text.__sflush_r
                0x1000633c      0x130 c:/maximsdk/tools/gnutools/10.3/bin/../lib/gcc/arm-none-eabi/10.3.1/../../../../arm-none-eabi/lib/thumb/v7e-m+fp/softfp\libc.a(lib_a-fflush.o)
                0x1000633c                __sflush_r
 .text._fflush_r
                0x1000646c       0x5c c:/maximsdk/tools/gnutools/10.3/bin/../lib/gcc/arm-none-eabi/10.3.1/../../../../arm-none-eabi/lib/thumb/v7e-m+fp/softfp\libc.a(lib_a-fflush.o)
                0x1000646c                _fflush_r
 .text._cleanup_r
                0x100064c8        0xc c:/maximsdk/tools/gnutools/10.3/bin/../lib/gcc/arm-none-eabi/10.3.1/../../../../arm-none-eabi/lib/thumb/v7e-m+fp/softfp\libc.a(lib_a-findfp.o)
                0x100064c8                _cleanup_r
 .text.__sinit  0x100064d4      0x10c c:/maximsdk/tools/gnutools/10.3/bin/../lib/gcc/arm-none-eabi/10.3.1/../../../../arm-none-eabi/lib/thumb/v7e-m+fp/softfp\libc.a(lib_a-findfp.o)
                0x100064d4                __sinit
 .text.__sfp_lock_acquire
                0x100065e0        0xc c:/maximsdk/tools/gnutools/10.3/bin/../lib/gcc/arm-none-eabi/10.3.1/../../../../arm-none-eabi/lib/thumb/v7e-m+fp/softfp\libc.a(lib_a-findfp.o)
                0x100065e0                __sfp_lock_acquire
 .text.__sfp_lock_release
                0x100065ec        0xc c:/maximsdk/tools/gnutools/10.3/bin/../lib/gcc/arm-none-eabi/10.3.1/../../../../arm-none-eabi/lib/thumb/v7e-m+fp/softfp\libc.a(lib_a-findfp.o)
                0x100065ec                __sfp_lock_release
 .text.__libc_fini_array
                0x100065f8       0x2c c:/maximsdk/tools/gnutools/10.3/bin/../lib/gcc/arm-none-eabi/10.3.1/../../../../arm-none-eabi/lib/thumb/v7e-m+fp/softfp\libc.a(lib_a-fini.o)
                0x100065f8                __libc_fini_array
 .text._malloc_trim_r
                0x10006624       0xa0 c:/maximsdk/tools/gnutools/10.3/bin/../lib/gcc/arm-none-eabi/10.3.1/../../../../arm-none-eabi/lib/thumb/v7e-m+fp/softfp\libc.a(lib_a-freer.o)
                0x10006624                _malloc_trim_r
 .text._free_r  0x100066c4      0x20c c:/maximsdk/tools/gnutools/10.3/bin/../lib/gcc/arm-none-eabi/10.3.1/../../../../arm-none-eabi/lib/thumb/v7e-m+fp/softfp\libc.a(lib_a-freer.o)
                0x100066c4                _free_r
 .text.__sfvwrite_r
                0x100068d0      0x2f0 c:/maximsdk/tools/gnutools/10.3/bin/../lib/gcc/arm-none-eabi/10.3.1/../../../../arm-none-eabi/lib/thumb/v7e-m+fp/softfp\libc.a(lib_a-fvwrite.o)
                0x100068d0                __sfvwrite_r
 .text._fwalk_reent
                0x10006bc0       0x48 c:/maximsdk/tools/gnutools/10.3/bin/../lib/gcc/arm-none-eabi/10.3.1/../../../../arm-none-eabi/lib/thumb/v7e-m+fp/softfp\libc.a(lib_a-fwalk.o)
                0x10006bc0                _fwalk_reent
 .text._localeconv_r
                0x10006c08        0x8 c:/maximsdk/tools/gnutools/10.3/bin/../lib/gcc/arm-none-eabi/10.3.1/../../../../arm-none-eabi/lib/thumb/v7e-m+fp/softfp\libc.a(lib_a-localeconv.o)
                0x10006c08                _localeconv_r
 .text.__retarget_lock_init_recursive
                0x10006c10        0x4 c:/maximsdk/tools/gnutools/10.3/bin/../lib/gcc/arm-none-eabi/10.3.1/../../../../arm-none-eabi/lib/thumb/v7e-m+fp/softfp\libc.a(lib_a-lock.o)
                0x10006c10                __retarget_lock_init_recursive
 .text.__retarget_lock_close_recursive
                0x10006c14        0x4 c:/maximsdk/tools/gnutools/10.3/bin/../lib/gcc/arm-none-eabi/10.3.1/../../../../arm-none-eabi/lib/thumb/v7e-m+fp/softfp\libc.a(lib_a-lock.o)
                0x10006c14                __retarget_lock_close_recursive
 .text.__retarget_lock_acquire_recursive
                0x10006c18        0x4 c:/maximsdk/tools/gnutools/10.3/bin/../lib/gcc/arm-none-eabi/10.3.1/../../../../arm-none-eabi/lib/thumb/v7e-m+fp/softfp\libc.a(lib_a-lock.o)
                0x10006c18                __retarget_lock_acquire_recursive
 .text.__retarget_lock_release_recursive
                0x10006c1c        0x4 c:/maximsdk/tools/gnutools/10.3/bin/../lib/gcc/arm-none-eabi/10.3.1/../../../../arm-none-eabi/lib/thumb/v7e-m+fp/softfp\libc.a(lib_a-lock.o)
                0x10006c1c                __retarget_lock_release_recursive
 .text.__smakebuf_r
                0x10006c20       0xe0 c:/maximsdk/tools/gnutools/10.3/bin/../lib/gcc/arm-none-eabi/10.3.1/../../../../arm-none-eabi/lib/thumb/v7e-m+fp/softfp\libc.a(lib_a-makebuf.o)
                0x10006c20                __smakebuf_r
 .text._malloc_r
                0x10006d00      0x560 c:/maximsdk/tools/gnutools/10.3/bin/../lib/gcc/arm-none-eabi/10.3.1/../../../../arm-none-eabi/lib/thumb/v7e-m+fp/softfp\libc.a(lib_a-mallocr.o)
                0x10006d00                _malloc_r
 .text          0x10007260       0xa0 c:/maximsdk/tools/gnutools/10.3/bin/../lib/gcc/arm-none-eabi/10.3.1/../../../../arm-none-eabi/lib/thumb/v7e-m+fp/softfp\libc.a(lib_a-memchr.o)
                0x10007260                memchr
 .text.memmove  0x10007300       0xf8 c:/maximsdk/tools/gnutools/10.3/bin/../lib/gcc/arm-none-eabi/10.3.1/../../../../arm-none-eabi/lib/thumb/v7e-m+fp/softfp\libc.a(lib_a-memmove.o)
                0x10007300                memmove
 .text.__malloc_lock
                0x100073f8        0xc c:/maximsdk/tools/gnutools/10.3/bin/../lib/gcc/arm-none-eabi/10.3.1/../../../../arm-none-eabi/lib/thumb/v7e-m+fp/softfp\libc.a(lib_a-mlock.o)
                0x100073f8                __malloc_lock
 .text.__malloc_unlock
                0x10007404        0xc c:/maximsdk/tools/gnutools/10.3/bin/../lib/gcc/arm-none-eabi/10.3.1/../../../../arm-none-eabi/lib/thumb/v7e-m+fp/softfp\libc.a(lib_a-mlock.o)
                0x10007404                __malloc_unlock
 .text._Balloc  0x10007410       0x4c c:/maximsdk/tools/gnutools/10.3/bin/../lib/gcc/arm-none-eabi/10.3.1/../../../../arm-none-eabi/lib/thumb/v7e-m+fp/softfp\libc.a(lib_a-mprec.o)
                0x10007410                _Balloc
 .text._Bfree   0x1000745c       0x14 c:/maximsdk/tools/gnutools/10.3/bin/../lib/gcc/arm-none-eabi/10.3.1/../../../../arm-none-eabi/lib/thumb/v7e-m+fp/softfp\libc.a(lib_a-mprec.o)
                0x1000745c                _Bfree
 .text.__multadd
                0x10007470       0xa8 c:/maximsdk/tools/gnutools/10.3/bin/../lib/gcc/arm-none-eabi/10.3.1/../../../../arm-none-eabi/lib/thumb/v7e-m+fp/softfp\libc.a(lib_a-mprec.o)
                0x10007470                __multadd
 .text.__hi0bits
                0x10007518       0x40 c:/maximsdk/tools/gnutools/10.3/bin/../lib/gcc/arm-none-eabi/10.3.1/../../../../arm-none-eabi/lib/thumb/v7e-m+fp/softfp\libc.a(lib_a-mprec.o)
                0x10007518                __hi0bits
 .text.__lo0bits
                0x10007558       0x60 c:/maximsdk/tools/gnutools/10.3/bin/../lib/gcc/arm-none-eabi/10.3.1/../../../../arm-none-eabi/lib/thumb/v7e-m+fp/softfp\libc.a(lib_a-mprec.o)
                0x10007558                __lo0bits
 .text.__i2b    0x100075b8       0x5c c:/maximsdk/tools/gnutools/10.3/bin/../lib/gcc/arm-none-eabi/10.3.1/../../../../arm-none-eabi/lib/thumb/v7e-m+fp/softfp\libc.a(lib_a-mprec.o)
                0x100075b8                __i2b
 .text.__multiply
                0x10007614      0x15c c:/maximsdk/tools/gnutools/10.3/bin/../lib/gcc/arm-none-eabi/10.3.1/../../../../arm-none-eabi/lib/thumb/v7e-m+fp/softfp\libc.a(lib_a-mprec.o)
                0x10007614                __multiply
 .text.__pow5mult
                0x10007770       0xc0 c:/maximsdk/tools/gnutools/10.3/bin/../lib/gcc/arm-none-eabi/10.3.1/../../../../arm-none-eabi/lib/thumb/v7e-m+fp/softfp\libc.a(lib_a-mprec.o)
                0x10007770                __pow5mult
 .text.__lshift
                0x10007830       0xf0 c:/maximsdk/tools/gnutools/10.3/bin/../lib/gcc/arm-none-eabi/10.3.1/../../../../arm-none-eabi/lib/thumb/v7e-m+fp/softfp\libc.a(lib_a-mprec.o)
                0x10007830                __lshift
 .text.__mcmp   0x10007920       0x44 c:/maximsdk/tools/gnutools/10.3/bin/../lib/gcc/arm-none-eabi/10.3.1/../../../../arm-none-eabi/lib/thumb/v7e-m+fp/softfp\libc.a(lib_a-mprec.o)
                0x10007920                __mcmp
 .text.__mdiff  0x10007964      0x14c c:/maximsdk/tools/gnutools/10.3/bin/../lib/gcc/arm-none-eabi/10.3.1/../../../../arm-none-eabi/lib/thumb/v7e-m+fp/softfp\libc.a(lib_a-mprec.o)
                0x10007964                __mdiff
 .text.__d2b    0x10007ab0       0xc4 c:/maximsdk/tools/gnutools/10.3/bin/../lib/gcc/arm-none-eabi/10.3.1/../../../../arm-none-eabi/lib/thumb/v7e-m+fp/softfp\libc.a(lib_a-mprec.o)
                0x10007ab0                __d2b
 .text._realloc_r
                0x10007b74      0x3d8 c:/maximsdk/tools/gnutools/10.3/bin/../lib/gcc/arm-none-eabi/10.3.1/../../../../arm-none-eabi/lib/thumb/v7e-m+fp/softfp\libc.a(lib_a-reallocr.o)
                0x10007b74                _realloc_r
 .text.frexp    0x10007f4c       0x70 c:/maximsdk/tools/gnutools/10.3/bin/../lib/gcc/arm-none-eabi/10.3.1/../../../../arm-none-eabi/lib/thumb/v7e-m+fp/softfp\libc.a(lib_a-s_frexp.o)
                0x10007f4c                frexp
 .text._sbrk_r  0x10007fbc       0x24 c:/maximsdk/tools/gnutools/10.3/bin/../lib/gcc/arm-none-eabi/10.3.1/../../../../arm-none-eabi/lib/thumb/v7e-m+fp/softfp\libc.a(lib_a-sbrkr.o)
                0x10007fbc                _sbrk_r
 .text.__sread  0x10007fe0       0x24 c:/maximsdk/tools/gnutools/10.3/bin/../lib/gcc/arm-none-eabi/10.3.1/../../../../arm-none-eabi/lib/thumb/v7e-m+fp/softfp\libc.a(lib_a-stdio.o)
                0x10007fe0                __sread
 .text.__swrite
                0x10008004       0x40 c:/maximsdk/tools/gnutools/10.3/bin/../lib/gcc/arm-none-eabi/10.3.1/../../../../arm-none-eabi/lib/thumb/v7e-m+fp/softfp\libc.a(lib_a-stdio.o)
                0x10008004                __swrite
 .text.__sseek  0x10008044       0x20 c:/maximsdk/tools/gnutools/10.3/bin/../lib/gcc/arm-none-eabi/10.3.1/../../../../arm-none-eabi/lib/thumb/v7e-m+fp/softfp\libc.a(lib_a-stdio.o)
                0x10008044                __sseek
 .text.__sclose
                0x10008064        0x8 c:/maximsdk/tools/gnutools/10.3/bin/../lib/gcc/arm-none-eabi/10.3.1/../../../../arm-none-eabi/lib/thumb/v7e-m+fp/softfp\libc.a(lib_a-stdio.o)
                0x10008064                __sclose
 .text.strncpy  0x1000806c       0x64 c:/maximsdk/tools/gnutools/10.3/bin/../lib/gcc/arm-none-eabi/10.3.1/../../../../arm-none-eabi/lib/thumb/v7e-m+fp/softfp\libc.a(lib_a-strncpy.o)
                0x1000806c                strncpy
 .text.__sprint_r.part.0
                0x100080d0       0x78 c:/maximsdk/tools/gnutools/10.3/bin/../lib/gcc/arm-none-eabi/10.3.1/../../../../arm-none-eabi/lib/thumb/v7e-m+fp/softfp\libc.a(lib_a-vfiprintf.o)
 .text.__sprint_r
                0x10008148       0x18 c:/maximsdk/tools/gnutools/10.3/bin/../lib/gcc/arm-none-eabi/10.3.1/../../../../arm-none-eabi/lib/thumb/v7e-m+fp/softfp\libc.a(lib_a-vfiprintf.o)
                0x10008148                __sprint_r
 .text._vfiprintf_r
                0x10008160      0xdfc c:/maximsdk/tools/gnutools/10.3/bin/../lib/gcc/arm-none-eabi/10.3.1/../../../../arm-none-eabi/lib/thumb/v7e-m+fp/softfp\libc.a(lib_a-vfiprintf.o)
                0x10008160                _vfiprintf_r
 .text.__sbprintf
                0x10008f5c       0x80 c:/maximsdk/tools/gnutools/10.3/bin/../lib/gcc/arm-none-eabi/10.3.1/../../../../arm-none-eabi/lib/thumb/v7e-m+fp/softfp\libc.a(lib_a-vfiprintf.o)
 .text._write_r
                0x10008fdc       0x2c c:/maximsdk/tools/gnutools/10.3/bin/../lib/gcc/arm-none-eabi/10.3.1/../../../../arm-none-eabi/lib/thumb/v7e-m+fp/softfp\libc.a(lib_a-writer.o)
                0x10008fdc                _write_r
 .text.__register_exitproc
                0x10009008       0x8c c:/maximsdk/tools/gnutools/10.3/bin/../lib/gcc/arm-none-eabi/10.3.1/../../../../arm-none-eabi/lib/thumb/v7e-m+fp/softfp\libc.a(lib_a-__atexit.o)
                0x10009008                __register_exitproc
 .text.__assert_func
                0x10009094       0x40 c:/maximsdk/tools/gnutools/10.3/bin/../lib/gcc/arm-none-eabi/10.3.1/../../../../arm-none-eabi/lib/thumb/v7e-m+fp/softfp\libc.a(lib_a-assert.o)
                0x10009094                __assert_func
 .text._calloc_r
                0x100090d4       0x78 c:/maximsdk/tools/gnutools/10.3/bin/../lib/gcc/arm-none-eabi/10.3.1/../../../../arm-none-eabi/lib/thumb/v7e-m+fp/softfp\libc.a(lib_a-callocr.o)
                0x100090d4                _calloc_r
 .text._close_r
                0x1000914c       0x24 c:/maximsdk/tools/gnutools/10.3/bin/../lib/gcc/arm-none-eabi/10.3.1/../../../../arm-none-eabi/lib/thumb/v7e-m+fp/softfp\libc.a(lib_a-closer.o)
                0x1000914c                _close_r
 .text._fclose_r
                0x10009170       0xcc c:/maximsdk/tools/gnutools/10.3/bin/../lib/gcc/arm-none-eabi/10.3.1/../../../../arm-none-eabi/lib/thumb/v7e-m+fp/softfp\libc.a(lib_a-fclose.o)
                0x10009170                _fclose_r
 .text.fiprintf
                0x1000923c       0x28 c:/maximsdk/tools/gnutools/10.3/bin/../lib/gcc/arm-none-eabi/10.3.1/../../../../arm-none-eabi/lib/thumb/v7e-m+fp/softfp\libc.a(lib_a-fiprintf.o)
                0x1000923c                fiprintf
 .text.__fputwc
                0x10009264       0xa8 c:/maximsdk/tools/gnutools/10.3/bin/../lib/gcc/arm-none-eabi/10.3.1/../../../../arm-none-eabi/lib/thumb/v7e-m+fp/softfp\libc.a(lib_a-fputwc.o)
                0x10009264                __fputwc
 .text._fputwc_r
                0x1000930c       0x68 c:/maximsdk/tools/gnutools/10.3/bin/../lib/gcc/arm-none-eabi/10.3.1/../../../../arm-none-eabi/lib/thumb/v7e-m+fp/softfp\libc.a(lib_a-fputwc.o)
                0x1000930c                _fputwc_r
 .text._fstat_r
                0x10009374       0x2c c:/maximsdk/tools/gnutools/10.3/bin/../lib/gcc/arm-none-eabi/10.3.1/../../../../arm-none-eabi/lib/thumb/v7e-m+fp/softfp\libc.a(lib_a-fstatr.o)
                0x10009374                _fstat_r
 .text._isatty_r
                0x100093a0       0x24 c:/maximsdk/tools/gnutools/10.3/bin/../lib/gcc/arm-none-eabi/10.3.1/../../../../arm-none-eabi/lib/thumb/v7e-m+fp/softfp\libc.a(lib_a-isattyr.o)
                0x100093a0                _isatty_r
 .text.__locale_mb_cur_max
                0x100093c4        0xc c:/maximsdk/tools/gnutools/10.3/bin/../lib/gcc/arm-none-eabi/10.3.1/../../../../arm-none-eabi/lib/thumb/v7e-m+fp/softfp\libc.a(lib_a-locale.o)
                0x100093c4                __locale_mb_cur_max
 .text._lseek_r
                0x100093d0       0x2c c:/maximsdk/tools/gnutools/10.3/bin/../lib/gcc/arm-none-eabi/10.3.1/../../../../arm-none-eabi/lib/thumb/v7e-m+fp/softfp\libc.a(lib_a-lseekr.o)
                0x100093d0                _lseek_r
 .text.__ascii_mbtowc
                0x100093fc       0x2c c:/maximsdk/tools/gnutools/10.3/bin/../lib/gcc/arm-none-eabi/10.3.1/../../../../arm-none-eabi/lib/thumb/v7e-m+fp/softfp\libc.a(lib_a-mbtowc_r.o)
                0x100093fc                __ascii_mbtowc
 .text._read_r  0x10009428       0x2c c:/maximsdk/tools/gnutools/10.3/bin/../lib/gcc/arm-none-eabi/10.3.1/../../../../arm-none-eabi/lib/thumb/v7e-m+fp/softfp\libc.a(lib_a-readr.o)
                0x10009428                _read_r
 .text.__swbuf_r
                0x10009454       0xb0 c:/maximsdk/tools/gnutools/10.3/bin/../lib/gcc/arm-none-eabi/10.3.1/../../../../arm-none-eabi/lib/thumb/v7e-m+fp/softfp\libc.a(lib_a-wbuf.o)
                0x10009454                __swbuf_r
 .text._wcrtomb_r
                0x10009504       0x3c c:/maximsdk/tools/gnutools/10.3/bin/../lib/gcc/arm-none-eabi/10.3.1/../../../../arm-none-eabi/lib/thumb/v7e-m+fp/softfp\libc.a(lib_a-wcrtomb.o)
                0x10009504                _wcrtomb_r
 .text.__ascii_wctomb
                0x10009540       0x1c c:/maximsdk/tools/gnutools/10.3/bin/../lib/gcc/arm-none-eabi/10.3.1/../../../../arm-none-eabi/lib/thumb/v7e-m+fp/softfp\libc.a(lib_a-wctomb_r.o)
                0x10009540                __ascii_wctomb
 .text.abort    0x1000955c       0x10 c:/maximsdk/tools/gnutools/10.3/bin/../lib/gcc/arm-none-eabi/10.3.1/../../../../arm-none-eabi/lib/thumb/v7e-m+fp/softfp\libc.a(lib_a-abort.o)
                0x1000955c                abort
 .text.raise    0x1000956c       0x5c c:/maximsdk/tools/gnutools/10.3/bin/../lib/gcc/arm-none-eabi/10.3.1/../../../../arm-none-eabi/lib/thumb/v7e-m+fp/softfp\libc.a(lib_a-signal.o)
                0x1000956c                raise
 .text._kill_r  0x100095c8       0x2c c:/maximsdk/tools/gnutools/10.3/bin/../lib/gcc/arm-none-eabi/10.3.1/../../../../arm-none-eabi/lib/thumb/v7e-m+fp/softfp\libc.a(lib_a-signalr.o)
                0x100095c8                _kill_r
 .text._getpid_r
                0x100095f4        0x4 c:/maximsdk/tools/gnutools/10.3/bin/../lib/gcc/arm-none-eabi/10.3.1/../../../../arm-none-eabi/lib/thumb/v7e-m+fp/softfp\libc.a(lib_a-signalr.o)
                0x100095f4                _getpid_r
 .text._getpid  0x100095f8       0x10 c:/maximsdk/tools/gnutools/10.3/bin/../lib/gcc/arm-none-eabi/10.3.1/../../../../arm-none-eabi/lib/thumb/v7e-m+fp/softfp\libnosys.a(getpid.o)
                0x100095f8                _getpid
 .text._kill    0x10009608       0x10 c:/maximsdk/tools/gnutools/10.3/bin/../lib/gcc/arm-none-eabi/10.3.1/../../../../arm-none-eabi/lib/thumb/v7e-m+fp/softfp\libnosys.a(kill.o)
                0x10009608                _kill
 .text._exit    0x10009618        0x4 c:/maximsdk/tools/gnutools/10.3/bin/../lib/gcc/arm-none-eabi/10.3.1/../../../../arm-none-eabi/lib/thumb/v7e-m+fp/softfp\libnosys.a(_exit.o)
                0x10009618                _exit
 .text          0x1000961c      0x378 c:/maximsdk/tools/gnutools/10.3/bin/../lib/gcc/arm-none-eabi/10.3.1/thumb/v7e-m+fp/softfp\libgcc.a(_arm_addsubdf3.o)
                0x1000961c                __aeabi_drsub
                0x10009624                __aeabi_dsub
                0x10009624                __subdf3
                0x10009628                __aeabi_dadd
                0x10009628                __adddf3
                0x100098a0                __floatunsidf
                0x100098a0                __aeabi_ui2d
                0x100098c0                __floatsidf
                0x100098c0                __aeabi_i2d
                0x100098e4                __aeabi_f2d
                0x100098e4                __extendsfdf2
                0x10009928                __floatundidf
                0x10009928                __aeabi_ul2d
                0x10009938                __floatdidf
                0x10009938                __aeabi_l2d
 .text          0x10009994      0x424 c:/maximsdk/tools/gnutools/10.3/bin/../lib/gcc/arm-none-eabi/10.3.1/thumb/v7e-m+fp/softfp\libgcc.a(_arm_muldivdf3.o)
                0x10009994                __aeabi_dmul
                0x10009994                __muldf3
                0x10009be8                __divdf3
                0x10009be8                __aeabi_ddiv
 .text          0x10009db8      0x110 c:/maximsdk/tools/gnutools/10.3/bin/../lib/gcc/arm-none-eabi/10.3.1/thumb/v7e-m+fp/softfp\libgcc.a(_arm_cmpdf2.o)
                0x10009db8                __gtdf2
                0x10009db8                __gedf2
                0x10009dc0                __ltdf2
                0x10009dc0                __ledf2
                0x10009dc8                __nedf2
                0x10009dc8                __eqdf2
                0x10009dc8                __cmpdf2
                0x10009e44                __aeabi_cdrcmple
                0x10009e54                __aeabi_cdcmpeq
                0x10009e54                __aeabi_cdcmple
                0x10009e64                __aeabi_dcmpeq
                0x10009e78                __aeabi_dcmplt
                0x10009e8c                __aeabi_dcmple
                0x10009ea0                __aeabi_dcmpge
                0x10009eb4                __aeabi_dcmpgt
 .text          0x10009ec8       0x2c c:/maximsdk/tools/gnutools/10.3/bin/../lib/gcc/arm-none-eabi/10.3.1/thumb/v7e-m+fp/softfp\libgcc.a(_arm_unorddf2.o)
                0x10009ec8                __unorddf2
                0x10009ec8                __aeabi_dcmpun
 .text          0x10009ef4       0x50 c:/maximsdk/tools/gnutools/10.3/bin/../lib/gcc/arm-none-eabi/10.3.1/thumb/v7e-m+fp/softfp\libgcc.a(_arm_fixdfsi.o)
                0x10009ef4                __aeabi_d2iz
                0x10009ef4                __fixdfsi
 .text          0x10009f44       0xa0 c:/maximsdk/tools/gnutools/10.3/bin/../lib/gcc/arm-none-eabi/10.3.1/thumb/v7e-m+fp/softfp\libgcc.a(_arm_truncdfsf2.o)
                0x10009f44                __truncdfsf2
                0x10009f44                __aeabi_d2f
 .text          0x10009fe4       0x30 c:/maximsdk/tools/gnutools/10.3/bin/../lib/gcc/arm-none-eabi/10.3.1/thumb/v7e-m+fp/softfp\libgcc.a(_aeabi_uldivmod.o)
                0x10009fe4                __aeabi_uldivmod
 .text          0x1000a014      0x2d0 c:/maximsdk/tools/gnutools/10.3/bin/../lib/gcc/arm-none-eabi/10.3.1/thumb/v7e-m+fp/softfp\libgcc.a(_udivmoddi4.o)
                0x1000a014                __udivmoddi4
 .text          0x1000a2e4        0x4 c:/maximsdk/tools/gnutools/10.3/bin/../lib/gcc/arm-none-eabi/10.3.1/thumb/v7e-m+fp/softfp\libgcc.a(_dvmd_tls.o)
                0x1000a2e4                __aeabi_idiv0
                0x1000a2e4                __aeabi_ldiv0
 *(.rodata*)
 .rodata.buttonHandler.str1.1
                0x1000a2e8       0x30 c:/Local_Drive/Maxim_Workspace/LowPower_ADC_Wakeup/LP/build/main.o
 .rodata.main.str1.1
                0x1000a318      0x11b c:/Local_Drive/Maxim_Workspace/LowPower_ADC_Wakeup/LP/build/main.o
 .rodata.mxc_assert.str1.1
                0x1000a433       0x19 c:/Local_Drive/Maxim_Workspace/LowPower_ADC_Wakeup/LP/build/board.o
 .rodata.Board_Init.str1.1
                0x1000a44c       0x43 c:/Local_Drive/Maxim_Workspace/LowPower_ADC_Wakeup/LP/build/board.o
 .rodata.NMI_Handler.str1.1
                0x1000a48f        0xc c:/Local_Drive/Maxim_Workspace/LowPower_ADC_Wakeup/LP/build/board.o
 .rodata.HardFault_Handler.str1.1
                0x1000a49b       0x12 c:/Local_Drive/Maxim_Workspace/LowPower_ADC_Wakeup/LP/build/board.o
 *fill*         0x1000a4ad        0x3 
 .rodata        0x1000a4b0       0x70 c:/Local_Drive/Maxim_Workspace/LowPower_ADC_Wakeup/LP/build/board.o
 .rodata.led_pin
                0x1000a520       0x54 c:/Local_Drive/Maxim_Workspace/LowPower_ADC_Wakeup/LP/build/board.o
                0x1000a520                led_pin
 .rodata.num_leds
                0x1000a574        0x4 c:/Local_Drive/Maxim_Workspace/LowPower_ADC_Wakeup/LP/build/board.o
                0x1000a574                num_leds
 .rodata.num_pbs
                0x1000a578        0x4 c:/Local_Drive/Maxim_Workspace/LowPower_ADC_Wakeup/LP/build/board.o
                0x1000a578                num_pbs
 .rodata.pb_pin
                0x1000a57c       0x18 c:/Local_Drive/Maxim_Workspace/LowPower_ADC_Wakeup/LP/build/board.o
                0x1000a57c                pb_pin
 .rodata.LED_On.str1.1
                0x1000a594       0x4e c:/Local_Drive/Maxim_Workspace/LowPower_ADC_Wakeup/LP/build/led.o
 .rodata.MXC_ADC_SetConversionSpeed.str1.1
                0x1000a5e2       0x6c C:/MaximSDK/Libraries/PeriphDrivers/bin/MAX32655/softfp/libPeriphDriver_softfp.a(adc_me17.o)
 .rodata.MXC_ADC_RevA_EnableMonitor.str1.1
                0x1000a64e       0x5d C:/MaximSDK/Libraries/PeriphDrivers/bin/MAX32655/softfp/libPeriphDriver_softfp.a(adc_reva.o)
 .rodata.MXC_SPI_Init.str1.1
                0x1000a6ab       0x50 C:/MaximSDK/Libraries/PeriphDrivers/bin/MAX32655/softfp/libPeriphDriver_softfp.a(spi_me17.o)
 .rodata.MXC_SPI_RevA_DMACallback.str1.1
                0x1000a6fb       0x4f C:/MaximSDK/Libraries/PeriphDrivers/bin/MAX32655/softfp/libPeriphDriver_softfp.a(spi_reva.o)
 .rodata.MXC_SPI_RevA_TransSetup.str1.1
                0x1000a74a       0x22 C:/MaximSDK/Libraries/PeriphDrivers/bin/MAX32655/softfp/libPeriphDriver_softfp.a(spi_reva.o)
                                 0x2f (size before relaxing)
 .rodata.MXC_SPI_RevA_ReadyForSleep.str1.1
                0x1000a76c       0x2b C:/MaximSDK/Libraries/PeriphDrivers/bin/MAX32655/softfp/libPeriphDriver_softfp.a(spi_reva.o)
 .rodata.MXC_TMR_Init.str1.1
                0x1000a797       0x4f C:/MaximSDK/Libraries/PeriphDrivers/bin/MAX32655/softfp/libPeriphDriver_softfp.a(tmr_me17.o)
 .rodata.MXC_TMR_RevB_ConfigGeneric.str1.1
                0x1000a7e6       0x43 C:/MaximSDK/Libraries/PeriphDrivers/bin/MAX32655/softfp/libPeriphDriver_softfp.a(tmr_revb.o)
                                 0x4f (size before relaxing)
 *fill*         0x1000a829        0x3 
 .rodata.gpio_cfg_adc_ain0
                0x1000a82c        0xc C:/MaximSDK/Libraries/PeriphDrivers/bin/MAX32655/softfp/libPeriphDriver_softfp.a(pins_me17.o)
                0x1000a82c                gpio_cfg_adc_ain0
 .rodata.gpio_cfg_adc_ain1
                0x1000a838        0xc C:/MaximSDK/Libraries/PeriphDrivers/bin/MAX32655/softfp/libPeriphDriver_softfp.a(pins_me17.o)
                0x1000a838                gpio_cfg_adc_ain1
 .rodata.gpio_cfg_adc_ain2
                0x1000a844        0xc C:/MaximSDK/Libraries/PeriphDrivers/bin/MAX32655/softfp/libPeriphDriver_softfp.a(pins_me17.o)
                0x1000a844                gpio_cfg_adc_ain2
 .rodata.gpio_cfg_adc_ain3
                0x1000a850        0xc C:/MaximSDK/Libraries/PeriphDrivers/bin/MAX32655/softfp/libPeriphDriver_softfp.a(pins_me17.o)
                0x1000a850                gpio_cfg_adc_ain3
 .rodata.gpio_cfg_adc_ain4
                0x1000a85c        0xc C:/MaximSDK/Libraries/PeriphDrivers/bin/MAX32655/softfp/libPeriphDriver_softfp.a(pins_me17.o)
                0x1000a85c                gpio_cfg_adc_ain4
 .rodata.gpio_cfg_adc_ain5
                0x1000a868        0xc C:/MaximSDK/Libraries/PeriphDrivers/bin/MAX32655/softfp/libPeriphDriver_softfp.a(pins_me17.o)
                0x1000a868                gpio_cfg_adc_ain5
 .rodata.gpio_cfg_adc_ain6
                0x1000a874        0xc C:/MaximSDK/Libraries/PeriphDrivers/bin/MAX32655/softfp/libPeriphDriver_softfp.a(pins_me17.o)
                0x1000a874                gpio_cfg_adc_ain6
 .rodata.gpio_cfg_adc_ain7
                0x1000a880        0xc C:/MaximSDK/Libraries/PeriphDrivers/bin/MAX32655/softfp/libPeriphDriver_softfp.a(pins_me17.o)
                0x1000a880                gpio_cfg_adc_ain7
 .rodata.gpio_cfg_tmr0
                0x1000a88c        0xc C:/MaximSDK/Libraries/PeriphDrivers/bin/MAX32655/softfp/libPeriphDriver_softfp.a(pins_me17.o)
                0x1000a88c                gpio_cfg_tmr0
 .rodata.gpio_cfg_tmr0b
                0x1000a898        0xc C:/MaximSDK/Libraries/PeriphDrivers/bin/MAX32655/softfp/libPeriphDriver_softfp.a(pins_me17.o)
                0x1000a898                gpio_cfg_tmr0b
 .rodata.gpio_cfg_tmr1
                0x1000a8a4        0xc C:/MaximSDK/Libraries/PeriphDrivers/bin/MAX32655/softfp/libPeriphDriver_softfp.a(pins_me17.o)
                0x1000a8a4                gpio_cfg_tmr1
 .rodata.gpio_cfg_tmr1b
                0x1000a8b0        0xc C:/MaximSDK/Libraries/PeriphDrivers/bin/MAX32655/softfp/libPeriphDriver_softfp.a(pins_me17.o)
                0x1000a8b0                gpio_cfg_tmr1b
 .rodata.gpio_cfg_tmr2
                0x1000a8bc        0xc C:/MaximSDK/Libraries/PeriphDrivers/bin/MAX32655/softfp/libPeriphDriver_softfp.a(pins_me17.o)
                0x1000a8bc                gpio_cfg_tmr2
 .rodata.gpio_cfg_tmr2b
                0x1000a8c8        0xc C:/MaximSDK/Libraries/PeriphDrivers/bin/MAX32655/softfp/libPeriphDriver_softfp.a(pins_me17.o)
                0x1000a8c8                gpio_cfg_tmr2b
 .rodata.gpio_cfg_tmr3
                0x1000a8d4        0xc C:/MaximSDK/Libraries/PeriphDrivers/bin/MAX32655/softfp/libPeriphDriver_softfp.a(pins_me17.o)
                0x1000a8d4                gpio_cfg_tmr3
 .rodata.gpio_cfg_tmr3b
                0x1000a8e0        0xc C:/MaximSDK/Libraries/PeriphDrivers/bin/MAX32655/softfp/libPeriphDriver_softfp.a(pins_me17.o)
                0x1000a8e0                gpio_cfg_tmr3b
 .rodata.gpio_cfg_uart0
                0x1000a8ec        0xc C:/MaximSDK/Libraries/PeriphDrivers/bin/MAX32655/softfp/libPeriphDriver_softfp.a(pins_me17.o)
                0x1000a8ec                gpio_cfg_uart0
 .rodata.gpio_cfg_uart1
                0x1000a8f8        0xc C:/MaximSDK/Libraries/PeriphDrivers/bin/MAX32655/softfp/libPeriphDriver_softfp.a(pins_me17.o)
                0x1000a8f8                gpio_cfg_uart1
 .rodata.gpio_cfg_uart2
                0x1000a904        0xc C:/MaximSDK/Libraries/PeriphDrivers/bin/MAX32655/softfp/libPeriphDriver_softfp.a(pins_me17.o)
                0x1000a904                gpio_cfg_uart2
 .rodata.gpio_cfg_uart3
                0x1000a910        0xc C:/MaximSDK/Libraries/PeriphDrivers/bin/MAX32655/softfp/libPeriphDriver_softfp.a(pins_me17.o)
                0x1000a910                gpio_cfg_uart3
 .rodata.MXC_GPIO_Common_Handler.str1.1
                0x1000a91c       0x65 C:/MaximSDK/Libraries/PeriphDrivers/bin/MAX32655/softfp/libPeriphDriver_softfp.a(gpio_common.o)
 *fill*         0x1000a981        0x3 
 .rodata._global_impure_ptr
                0x1000a984        0x4 c:/maximsdk/tools/gnutools/10.3/bin/../lib/gcc/arm-none-eabi/10.3.1/../../../../arm-none-eabi/lib/thumb/v7e-m+fp/softfp\libc.a(lib_a-impure.o)
                0x1000a984                _global_impure_ptr
 .rodata._puts_r.str1.4
                0x1000a988        0x2 c:/maximsdk/tools/gnutools/10.3/bin/../lib/gcc/arm-none-eabi/10.3.1/../../../../arm-none-eabi/lib/thumb/v7e-m+fp/softfp\libc.a(lib_a-puts.o)
 *fill*         0x1000a98a        0x2 
 .rodata._vfprintf_r.str1.4
                0x1000a98c       0x42 c:/maximsdk/tools/gnutools/10.3/bin/../lib/gcc/arm-none-eabi/10.3.1/../../../../arm-none-eabi/lib/thumb/v7e-m+fp/softfp\libc.a(lib_a-vfprintf.o)
 *fill*         0x1000a9ce        0x2 
 .rodata.blanks.1
                0x1000a9d0       0x10 c:/maximsdk/tools/gnutools/10.3/bin/../lib/gcc/arm-none-eabi/10.3.1/../../../../arm-none-eabi/lib/thumb/v7e-m+fp/softfp\libc.a(lib_a-vfprintf.o)
 .rodata.zeroes.0
                0x1000a9e0       0x10 c:/maximsdk/tools/gnutools/10.3/bin/../lib/gcc/arm-none-eabi/10.3.1/../../../../arm-none-eabi/lib/thumb/v7e-m+fp/softfp\libc.a(lib_a-vfprintf.o)
 .rodata._dtoa_r.str1.4
                0x1000a9f0       0xa2 c:/maximsdk/tools/gnutools/10.3/bin/../lib/gcc/arm-none-eabi/10.3.1/../../../../arm-none-eabi/lib/thumb/v7e-m+fp/softfp\libc.a(lib_a-dtoa.o)
                                 0xa6 (size before relaxing)
 *fill*         0x1000aa92        0x2 
 .rodata.__multadd.str1.4
                0x1000aa94       0x7f c:/maximsdk/tools/gnutools/10.3/bin/../lib/gcc/arm-none-eabi/10.3.1/../../../../arm-none-eabi/lib/thumb/v7e-m+fp/softfp\libc.a(lib_a-mprec.o)
                                 0x93 (size before relaxing)
 *fill*         0x1000ab13        0x5 
 .rodata.__mprec_bigtens
                0x1000ab18       0x28 c:/maximsdk/tools/gnutools/10.3/bin/../lib/gcc/arm-none-eabi/10.3.1/../../../../arm-none-eabi/lib/thumb/v7e-m+fp/softfp\libc.a(lib_a-mprec.o)
                0x1000ab18                __mprec_bigtens
 .rodata.__mprec_tens
                0x1000ab40       0xc8 c:/maximsdk/tools/gnutools/10.3/bin/../lib/gcc/arm-none-eabi/10.3.1/../../../../arm-none-eabi/lib/thumb/v7e-m+fp/softfp\libc.a(lib_a-mprec.o)
                0x1000ab40                __mprec_tens
 .rodata.p05.0  0x1000ac08        0xc c:/maximsdk/tools/gnutools/10.3/bin/../lib/gcc/arm-none-eabi/10.3.1/../../../../arm-none-eabi/lib/thumb/v7e-m+fp/softfp\libc.a(lib_a-mprec.o)
 .rodata._vfiprintf_r.str1.4
                0x1000ac14       0x2f c:/maximsdk/tools/gnutools/10.3/bin/../lib/gcc/arm-none-eabi/10.3.1/../../../../arm-none-eabi/lib/thumb/v7e-m+fp/softfp\libc.a(lib_a-vfiprintf.o)
 .rodata.blanks.1
                0x1000ac14       0x10 c:/maximsdk/tools/gnutools/10.3/bin/../lib/gcc/arm-none-eabi/10.3.1/../../../../arm-none-eabi/lib/thumb/v7e-m+fp/softfp\libc.a(lib_a-vfiprintf.o)
 .rodata.zeroes.0
                0x1000ac24       0x10 c:/maximsdk/tools/gnutools/10.3/bin/../lib/gcc/arm-none-eabi/10.3.1/../../../../arm-none-eabi/lib/thumb/v7e-m+fp/softfp\libc.a(lib_a-vfiprintf.o)
 .rodata.__assert_func.str1.4
                0x1000ac34       0x3f c:/maximsdk/tools/gnutools/10.3/bin/../lib/gcc/arm-none-eabi/10.3.1/../../../../arm-none-eabi/lib/thumb/v7e-m+fp/softfp\libc.a(lib_a-assert.o)
                                 0x43 (size before relaxing)
 *fill*         0x1000ac73        0x1 
 .rodata._setlocale_r.str1.4
                0x1000ac74        0xa c:/maximsdk/tools/gnutools/10.3/bin/../lib/gcc/arm-none-eabi/10.3.1/../../../../arm-none-eabi/lib/thumb/v7e-m+fp/softfp\libc.a(lib_a-locale.o)
                                  0xd (size before relaxing)
 *fill*         0x1000ac7e        0x2 
 .rodata.str1.4
                0x1000ac80        0x2 c:/maximsdk/tools/gnutools/10.3/bin/../lib/gcc/arm-none-eabi/10.3.1/../../../../arm-none-eabi/lib/thumb/v7e-m+fp/softfp\libc.a(lib_a-locale.o)
 *fill*         0x1000ac82        0x2 
 .rodata._ctype_
                0x1000ac84      0x101 c:/maximsdk/tools/gnutools/10.3/bin/../lib/gcc/arm-none-eabi/10.3.1/../../../../arm-none-eabi/lib/thumb/v7e-m+fp/softfp\libc.a(lib_a-ctype_.o)
                0x1000ac84                _ctype_
 *(.init)
 *fill*         0x1000ad85        0x3 
 .init          0x1000ad88        0x4 c:/maximsdk/tools/gnutools/10.3/bin/../lib/gcc/arm-none-eabi/10.3.1/thumb/v7e-m+fp/softfp/crti.o
                0x1000ad88                _init
 .init          0x1000ad8c        0x8 c:/maximsdk/tools/gnutools/10.3/bin/../lib/gcc/arm-none-eabi/10.3.1/thumb/v7e-m+fp/softfp/crtn.o
 *(.fini)
 .fini          0x1000ad94        0x4 c:/maximsdk/tools/gnutools/10.3/bin/../lib/gcc/arm-none-eabi/10.3.1/thumb/v7e-m+fp/softfp/crti.o
                0x1000ad94                _fini
 .fini          0x1000ad98        0x8 c:/maximsdk/tools/gnutools/10.3/bin/../lib/gcc/arm-none-eabi/10.3.1/thumb/v7e-m+fp/softfp/crtn.o
 *(.eh_frame*)
 .eh_frame      0x1000ada0        0x0 c:/maximsdk/tools/gnutools/10.3/bin/../lib/gcc/arm-none-eabi/10.3.1/thumb/v7e-m+fp/softfp/crtbegin.o
 .eh_frame      0x1000ada0        0x4 c:/maximsdk/tools/gnutools/10.3/bin/../lib/gcc/arm-none-eabi/10.3.1/thumb/v7e-m+fp/softfp/crtend.o
                0x1000ada4                _etext = .

.glue_7         0x1000ada4        0x0
 .glue_7        0x1000ada4        0x0 linker stubs

.glue_7t        0x1000ada4        0x0
 .glue_7t       0x1000ada4        0x0 linker stubs

.vfp11_veneer   0x1000ada4        0x0
 .vfp11_veneer  0x1000ada4        0x0 linker stubs

.v4_bx          0x1000ada4        0x0
 .v4_bx         0x1000ada4        0x0 linker stubs

.iplt           0x1000ada4        0x0
 .iplt          0x1000ada4        0x0 c:/maximsdk/tools/gnutools/10.3/bin/../lib/gcc/arm-none-eabi/10.3.1/thumb/v7e-m+fp/softfp/crtbegin.o

.bin_storage    0x1000ada4        0x0
 FILL mask 0xff
                0x1000ada4                _bin_start_ = .
 *(.bin_storage_img)
                0x1000ada4                _bin_end_ = .
                0x1000ada4                . = ALIGN (0x4)

.rom_code       0x00000000        0x0
                0x00000000                . = ALIGN (0x10)
                0x20000000                _sran_code = .
 *(.rom_code_section)
                0x20000000                _esran_code = .

.flash_code     0x1000ada4        0xc
                0x1000adb0                . = ALIGN (0x10)
 *fill*         0x1000ada4        0xc 
                0x20000000                _sran_code = .
 *(.flash_code_section)
                0x20000000                _esran_code = .

.sram_code      0x20000000        0x0
                0x20000000                . = ALIGN (0x10)
                0x20000000                _sran_code = .
 *(.sram_code_section)
                0x20000000                _esran_code = .

.ARM.exidx      0x1000adb0        0x8
                0x1000adb0                __exidx_start = .
 *(.ARM.exidx*)
 .ARM.exidx     0x1000adb0        0x8 c:/maximsdk/tools/gnutools/10.3/bin/../lib/gcc/arm-none-eabi/10.3.1/thumb/v7e-m+fp/softfp\libgcc.a(_udivmoddi4.o)
                0x1000adb8                __exidx_end = .

.rel.dyn        0x1000adb8        0x0
 .rel.iplt      0x1000adb8        0x0 c:/maximsdk/tools/gnutools/10.3/bin/../lib/gcc/arm-none-eabi/10.3.1/thumb/v7e-m+fp/softfp/crtbegin.o

.data           0x20000000      0x9c4 load address 0x1000adb8
                0x20000000                _data = ALIGN (., 0x4)
 *(.data*)
 .data.ConsoleUart
                0x20000000        0x4 c:/Local_Drive/Maxim_Workspace/LowPower_ADC_Wakeup/LP/build/board.o
                0x20000000                ConsoleUart
 .data.SystemCoreClock
                0x20000004        0x4 c:/Local_Drive/Maxim_Workspace/LowPower_ADC_Wakeup/LP/build/system_max32655.o
                0x20000004                SystemCoreClock
 .data.overflows
                0x20000008        0x4 C:/MaximSDK/Libraries/PeriphDrivers/bin/MAX32655/softfp/libPeriphDriver_softfp.a(mxc_delay.o)
 .data._impure_ptr
                0x2000000c        0x4 c:/maximsdk/tools/gnutools/10.3/bin/../lib/gcc/arm-none-eabi/10.3.1/../../../../arm-none-eabi/lib/thumb/v7e-m+fp/softfp\libc.a(lib_a-impure.o)
                0x2000000c                _impure_ptr
 .data.impure_data
                0x20000010      0x428 c:/maximsdk/tools/gnutools/10.3/bin/../lib/gcc/arm-none-eabi/10.3.1/../../../../arm-none-eabi/lib/thumb/v7e-m+fp/softfp\libc.a(lib_a-impure.o)
 .data.__atexit_recursive_mutex
                0x20000438        0x4 c:/maximsdk/tools/gnutools/10.3/bin/../lib/gcc/arm-none-eabi/10.3.1/../../../../arm-none-eabi/lib/thumb/v7e-m+fp/softfp\libc.a(lib_a-__call_atexit.o)
                0x20000438                __atexit_recursive_mutex
 .data.__malloc_av_
                0x2000043c      0x408 c:/maximsdk/tools/gnutools/10.3/bin/../lib/gcc/arm-none-eabi/10.3.1/../../../../arm-none-eabi/lib/thumb/v7e-m+fp/softfp\libc.a(lib_a-mallocr.o)
                0x2000043c                __malloc_av_
 .data.__malloc_sbrk_base
                0x20000844        0x4 c:/maximsdk/tools/gnutools/10.3/bin/../lib/gcc/arm-none-eabi/10.3.1/../../../../arm-none-eabi/lib/thumb/v7e-m+fp/softfp\libc.a(lib_a-mallocr.o)
                0x20000844                __malloc_sbrk_base
 .data.__malloc_trim_threshold
                0x20000848        0x4 c:/maximsdk/tools/gnutools/10.3/bin/../lib/gcc/arm-none-eabi/10.3.1/../../../../arm-none-eabi/lib/thumb/v7e-m+fp/softfp\libc.a(lib_a-mallocr.o)
                0x20000848                __malloc_trim_threshold
 .data.__global_locale
                0x2000084c      0x16c c:/maximsdk/tools/gnutools/10.3/bin/../lib/gcc/arm-none-eabi/10.3.1/../../../../arm-none-eabi/lib/thumb/v7e-m+fp/softfp\libc.a(lib_a-locale.o)
                0x2000084c                __global_locale
 *(.flashprog*)
                0x200009b8                . = ALIGN (0x4)
                0x200009b8                PROVIDE (__preinit_array_start = .)
 *(.preinit_array)
                0x200009b8                PROVIDE (__preinit_array_end = .)
                0x200009b8                . = ALIGN (0x4)
                0x200009b8                PROVIDE (__init_array_start = .)
 *(SORT_BY_NAME(.init_array.*))
 .init_array.00000
                0x200009b8        0x4 c:/maximsdk/tools/gnutools/10.3/bin/../lib/gcc/arm-none-eabi/10.3.1/../../../../arm-none-eabi/lib/thumb/v7e-m+fp/softfp\libc.a(lib_a-__call_atexit.o)
 *(.init_array)
 .init_array    0x200009bc        0x4 c:/maximsdk/tools/gnutools/10.3/bin/../lib/gcc/arm-none-eabi/10.3.1/thumb/v7e-m+fp/softfp/crtbegin.o
                0x200009c0                PROVIDE (__init_array_end = .)
                0x200009c0                . = ALIGN (0x4)
                0x200009c0                PROVIDE (__fini_array_start = .)
 *(SORT_BY_NAME(.fini_array.*))
 *(.fini_array)
 .fini_array    0x200009c0        0x4 c:/maximsdk/tools/gnutools/10.3/bin/../lib/gcc/arm-none-eabi/10.3.1/thumb/v7e-m+fp/softfp/crtbegin.o
                0x200009c4                PROVIDE (__fini_array_end = .)
                0x200009c4                _edata = ALIGN (., 0x4)
                0x1000adb8                __load_data = LOADADDR (.data)

.igot.plt       0x200009c4        0x0 load address 0x1000b77c
 .igot.plt      0x200009c4        0x0 c:/maximsdk/tools/gnutools/10.3/bin/../lib/gcc/arm-none-eabi/10.3.1/thumb/v7e-m+fp/softfp/crtbegin.o
